Mono path[0] = 'e:/steam/steamapps/common/WCP-WordGirlgriend/wcp_Data/Managed'
Mono config path = 'e:/steam/steamapps/common/WCP-WordGirlgriend/MonoBleedingEdge/etc'
[Physics::Module] Initialized MultithreadedJobDispatcher with 23 workers.
Initialize engine version: 2023.2.20f1c1 (881fe566f400)
[Subsystems] Discovering subsystems at path e:/steam/steamapps/common/WCP-WordGirlgriend/wcp_Data/UnitySubsystems
GfxDevice: creating device client; kGfxThreadingModeThreaded
Direct3D:
    Version:  Direct3D 11.0 [level 11.1]
    Renderer: AMD Radeon(TM) Graphics (ID=0x164e)
    Vendor:   ATI
    VRAM:     47909 MB
    Driver:   32.0.21045.5002
Failed to set the cursor because the specified texture ('指针') was not CPU accessible.
Begin MonoManager ReloadAssembly
- Loaded All Assemblies, in  0.288 seconds
- Finished resetting the current domain, in  0.003 seconds
[Message:   BepInEx] BepInEx 5.4.23.5 - wcp (2026/9/12 6:19:42)
[Info   :   BepInEx] Running under Unity v2023.2.20.8921061
[Info   :   BepInEx] CLR runtime version: 4.0.30319.42000
[Info   :   BepInEx] Supports SRE: True
[Info   :   BepInEx] System platform: Bits64, Windows
[Message:   BepInEx] Preloader started
[Info   :   BepInEx] Loaded 1 patcher method from [BepInEx.Preloader 5.4.23.5]
[Info   :   BepInEx] 1 patcher plugin loaded
[Info   :   BepInEx] Patching [UnityEngine.CoreModule] with [BepInEx.Chainloader]
[Message:   BepInEx] Preloader finished
[Message:   BepInEx] Chainloader ready
[Message:   BepInEx] Chainloader started
[Info   :   BepInEx] 13 plugins to load
[Info   :   BepInEx] Loading [WCP Book Name 1.3.1]
[Info   :WCP Book Name] BookName: Harmony patch OK (SonBookChoose guarded)
[Info   :   BepInEx] Loading [WCP Custom Slots 1.2.2]
[Info   :WCP Custom Slots] CustomSlots: store bytes=908420
[Info   :WCP Custom Slots] CustomSlots: store loaded; rows=20; selected=2
[Info   :WCP Custom Slots] CustomSlots: 原生槽位探测 = 4（下限 4；作者加槽会自动跟随）
[Info   :WCP Custom Slots] CustomSlots: serializer round-trip bytes=955416; rows=20 -> 20 (OK)
[Info   :WCP Custom Slots] CustomSlots: store saved; bytes=955416; filledRows=13; selected=2
[Info   :WCP Custom Slots] CustomSlots: Harmony patch OK; logical slots=20; native mirror rows imported=1
[Info   :WCP Custom Slots] CustomSlots: 兼容层解析结果 → 类型=WordChooseButtonS10; 入口=OnBookButtonClicked(Int32)
[Info   :WCP Custom Slots] CustomSlots: 显式补挂 WordChooseButtonS10.OnBookButtonClicked
[Info   :WCP Custom Slots] CustomSlots: patch 状态 WordChooseButtonS10.OnBookButtonClicked postfixes=1（已挂上）
[Info   :   BepInEx] Loading [WCP DE Word List 1.2.0]
[Warning:WCP DE Word List] DEWordList: WcpHost 已接管德语, 旧词表插件不再打补丁, 轮询 Enforce 一并停用 (Legacy/YieldToHost=false 可强制旧模式)。
[Info   :   BepInEx] Loading [WCP FR Word List 1.2.0]
[Warning:WCP FR Word List] FRWordList: WcpHost 已接管法语, 旧词表插件不再打补丁, 轮询 Enforce 一并停用 (Legacy/YieldToHost=false 可强制旧模式)。
[Info   :   BepInEx] Loading [WCP JP Word List 1.7.7]
[Warning:WCP JP Word List] JPWordList: WcpHost 已接管日语, 旧词表插件不再打补丁, 轮询 Enforce 一并停用 (Legacy/YieldToHost=false 可强制旧模式)。
[Info   :   BepInEx] Loading [WCP RU Word List 1.2.0]
[Warning:WCP RU Word List] RUWordList: WcpHost 已接管俄语, 旧词表插件不再打补丁, 轮询 Enforce 一并停用 (Legacy/YieldToHost=false 可强制旧模式)。
[Info   :   BepInEx] Loading [WCP Sentence Audio 1.0.0]
[Info   :WCP Sentence Audio] patched SoundTheWordS8.OnButton1Click
[Info   :WCP Sentence Audio] WCP Sentence Audio 1.2.0 loaded, pack dir = C:\Users\hanserdesu\AppData\LocalLow\WCP\packs\ja\audio\sentence (存在=True)
[Info   :   BepInEx] Loading [WCP Sentence Audio DE 1.0.0]
[Info   :WCP Sentence Audio DE] patched SoundTheWordS8.OnButton1Click
[Info   :WCP Sentence Audio DE] WCP Sentence Audio 1.1.0 loaded, pack dir = C:\Users\hanserdesu\AppData\LocalLow\WCP\packs\de\audio\sentence (存在=True), legacy fallback = False
[Info   :   BepInEx] Loading [WCP Sentence Audio FR 1.0.0]
[Info   :WCP Sentence Audio FR] patched SoundTheWordS8.OnButton1Click
[Info   :WCP Sentence Audio FR] WCP Sentence Audio 1.1.0 loaded, pack dir = C:\Users\hanserdesu\AppData\LocalLow\WCP\packs\fr\audio\sentence (存在=True), legacy fallback = False
[Info   :   BepInEx] Loading [WCP Sentence Audio RU 1.0.0]
[Info   :WCP Sentence Audio RU] patched SoundTheWordS8.OnButton1Click (RU)
[Info   :WCP Sentence Audio RU] WCP Sentence Audio RU 1.1.0 loaded, pack dir = C:\Users\hanserdesu\AppData\LocalLow\WCP\packs\ru\audio\sentence (存在=True)
[Info   :   BepInEx] Loading [WCP Sentence Audio YUE 1.0.0]
[Info   :WCP Sentence Audio YUE] patched SoundTheWordS8.OnButton1Click
[Info   :WCP Sentence Audio YUE] WCP Sentence Audio 1.1.0 loaded, pack dir = C:\Users\hanserdesu\AppData\LocalLow\WCP\packs\yue\audio\sentence (存在=True), legacy fallback = False
[Info   :   BepInEx] Loading [WCP Host 0.5.2]
[Info   :  WCP Host] WcpHost: packs 根 = C:\Users\hanserdesu\AppData\LocalLow\WCP\packs
[Info   :  WCP Host] WcpHost: 加载到 9 个语言包
[Info   :  WCP Host] WcpHost:   [ar] catbar-ar-complete 阿拉伯语词库(猫条版) 词=8118 槽=0 指纹=50c9c0b47ac348b2
[Info   :  WCP Host] WcpHost:   [de] catbar-german-complete 德语词库(猫条版) 词=8062 槽=4 指纹=66bded175dee70d9
[Info   :  WCP Host] WcpHost:   [es] catbar-es-complete 西班牙语词库(猫条版) 词=8599 槽=0 指纹=52b3507136fedc95
[Info   :  WCP Host] WcpHost:   [fr] catbar-french-cefr-complete 法语词库(猫条版) 词=8116 槽=2 指纹=376af2eae0292052
[Info   :  WCP Host] WcpHost:   [ja] catbar-jlpt-complete 日语词库(猫条版) 词=7922 槽=1 指纹=6d7a51c0c5d30dd6
[Info   :  WCP Host] WcpHost:   [ko] catbar-ko-complete 韩语词库(猫条版) 词=7330 槽=0 指纹=ff64542ef480b8ed
[Info   :  WCP Host] WcpHost:   [pt] catbar-pt-complete 葡萄牙语词库(猫条版) 词=8599 槽=0 指纹=9c2b019f2d8f3eae
[Info   :  WCP Host] WcpHost:   [ru] catbar-russian-cefr-complete 俄语词库(猫条版) 词=8451 槽=3 指纹=dfecb0ab75e9b3ef
[Info   :  WCP Host] WcpHost:   [yue] catbar-cantonese-complete 粤语词库(猫条版) 词=384 槽=4 指纹=0748ca590e7caf6c
[Info   :  WCP Host] WcpHost: 槽位预算 9 个语言包 / 4 槽，注册表预分配 4 槽（0=候选包） — 通过
[Info   :  WCP Host] WcpHost: 策略装载 9/9（缺失策略时仅保留身份层）
[Warning:  WCP Host] WcpHost: 语言包提示: observed_slot 撞槽 4: de / yue（不丢包, 槽位按指纹运行时判定）
[Info   :  WCP Host] WcpHost: Harmony 接线完成 — 命中目标方法 59 个（harmony.Patch 调用 59 次，类型解析失败 0 个；单点失败已按 warn 逐条打印）
[Info   :  WCP Host] WcpHost: 行为 Harmony 接线已在加载期安装（身份门通过前所有处理器空转）
[Info   :  WCP Host] WcpHost: 身份轮询已启用（兼容旧选书补丁）
[Info   :   BepInEx] Loading [WCP Yue Word List 1.2.0]
[Warning:WCP Yue Word List] YueWordList: WcpHost 已接管粤语, 旧词表插件不再打补丁, 轮询 Enforce 一并停用 (Legacy/YieldToHost=false 可强制旧模式)。
[Message:   BepInEx] Chainloader startup complete
D3D11 device created for Microsoft Media Foundation video decoding.
<RI> Initializing input.
New input system (experimental) initialized
Using Windows.Gaming.Input
<RI> Input initialized.
<RI> Initialized touch support.
The referenced script on this Behaviour (Game Object 'ShowHideButton') is missing!
The referenced script on this Behaviour (Game Object 'Magica Capsule Collider (spine_03)') is missing!
The referenced script on this Behaviour (Game Object 'Magica Virtual Deformer (Rifle_Hair) (1)') is missing!
The referenced script on this Behaviour (Game Object 'Magica Sphere Collider (spine_02)') is missing!
The referenced script on this Behaviour (Game Object 'Magica Mesh Cloth (Rifle_Full_Body) (1)') is missing!
The referenced script on this Behaviour (Game Object 'Magica Bone Cloth (Rifle_Full_Body) (1)') is missing!
The referenced script on this Behaviour (Game Object 'Magica Capsule Collider (spine_01)') is missing!
The referenced script on this Behaviour (Game Object 'Magica Capsule Collider (lowerarm_r)') is missing!
The referenced script on this Behaviour (Game Object 'Magica Capsule Collider (clavicle_l)') is missing!
The referenced script on this Behaviour (Game Object 'Rifle_Hair') is missing!
The referenced script on this Behaviour (Game Object 'Magica Capsule Collider (upperarm_l)') is missing!
The referenced script on this Behaviour (Game Object 'Magica Capsule Collider (head)') is missing!
The referenced script on this Behaviour (Game Object 'Magica Capsule Collider (upperarm_r)') is missing!
The referenced script on this Behaviour (Game Object 'Magica Capsule Collider (clavicle_r)') is missing!
The referenced script on this Behaviour (Game Object 'Magica Capsule Collider (lowerarm_l)') is missing!
UnloadTime: 1.807400 ms
Color primaries 0 is unknown or unsupported by WindowsMediaFoundation. Falling back to default may result in color shift. e:/steam/steamapps/common/WCP-WordGirlgriend/wcp_Data/sharedassets0.resource
判断刷新0【testerNN】-->上次更新时间：2026/9/18 8:19:16  这次登录时间：2026/9/18 21:12:52  上次更新门槛----》2026/9/18 4:00:00
checkTime---1--->2026/9/18 4:00:00
checkTime---2 回退--->2026/9/18 4:00:00
判断刷新1---》没有跨过任何刷新时间
【testerNN】-->-------这次不更新!!!
今日已学词选取标签---->1, 2, 3, 4, 0
今日已学词【战斗】---->
[Info   :  WCP Host] WcpHost: ES3 批量写已启用（一次整档读写替代 N 次逐键写，path=SaveFile.es3）
【今日新学词】-->-------》0  【所有新学词】-->-------》0
存到文件num---》14
Save File Path: C:/Users/hanserdesu/AppData/LocalLow/WCP/wcp\SaveFile.es3
Copy File Path: C:/Users/hanserdesu/AppData/LocalLow/WCP/wcp\SaveFile_Copy14.es3
Copied SaveFile.es3 to C:/Users/hanserdesu/AppData/LocalLow/WCP/wcp\SaveFile_Copy14.es3
目标文件已存在，无需拷贝。
testerxxx---PreloadAudioClipAsync
G2_Clothes4_SummerDress
学习计划:True  完成每日学习:True  战斗单词设置:True  战胜数:125  买过衣服:True  打工过:True  序章完成情况:3  所有新手任务完成:True  打工上限金额:1000   复习方式：1   高清动态CG：False   林霏霏袜子总数：41  背包1：151  背包2：0  背包3：0  背包4：0  背包5：0  背包6：0  背包7：0  背包8：0  S7_BagUnlock：0  背包6： 武器背包：0 头盔背包：0 护甲背包：0 便装背包：0 手套背包：0 鞋子背包：0 饰品背包：0 补给背包：0
testerxxxxxxxxx启动SyncHaveLearnedDictionaryThis
【tester**】---》无暂时的已学词
当前MSAA: 4
已经读取了settedMonsterWordIf---》True
已存在 0706 语音包标记文件，无需操作。
当前时间：2026-09-18 21:12:58
超过了预定时间：2026-05-26 20:00:00
版本---》正式版
CheatMode--->False
DemoIf--->False
OfficialCheck--->False
UnlockAchievementIf--->True
Achievement [NEW_ACHIEVEMENT_3_0] unlocked
Achievement [NEW_ACHIEVEMENT_3_1] unlocked
Achievement [NEW_ACHIEVEMENT_3_2] unlocked
Achievement [NEW_ACHIEVEMENT_3_5] unlocked
Achievement [NEW_ACHIEVEMENT_3_100] unlocked
Achievement [NEW_ACHIEVEMENT_3_3] unlocked
Achievement [NEW_ACHIEVEMENT_3_4] unlocked
Achievement [NEW_ACHIEVEMENT_3_7] unlocked
[Info   :  WCP Host] WcpHost: 受管语言登记 = [ar,de,es,fr,ja,ko,pt,ru,yue] -> e:\steam\steamapps\common\WCP-WordGirlgriend\BepInEx\config\WcpHost.managed.txt
[Info   :  WCP Host] WcpHost: 未激活 · 词表 4079 条未命中任何语言包 — 非受管词书
[Info   :  WCP Host] WcpHost: 长帧 342ms — mod 本帧占用 0.0ms（0.0%） GC本帧=0:0 1:0 2:0 本帧 Top=无 mod 操作
[Info   :  WCP Host] WcpHost: 长帧 160ms — mod 本帧占用 0.0ms（0.0%） GC本帧=0:0 1:0 2:0 本帧 Top=无 mod 操作
[Info   :  WCP Host] WcpHost: 性能哨兵 fps=4.4 帧=44 最差帧=6899ms 卡顿帧(>=50ms)=35 窗口=10.0s | mod 主线程占用=9.3ms/窗口（GC 基线建立）
[Info   :  WCP Host] WcpHost: 性能哨兵 fps=17.0 帧=170 最差帧=102ms 卡顿帧(>=50ms)=119 窗口=10.0s | mod 主线程占用=31.7ms/窗口，长帧=2 次 | GC窗口=0:0 1:0 2:0 堆=+0MB | 快路径命中=内存词表指纹 10/10 | 窗口 Top（累计）=补丁:选词与刷新 x1=1576.2ms(单次1576.2ms) ; 补丁:场景钩子 x1=996.2ms(单次996.2ms) ; 场景:强制校正 x2=245.0ms(单次244.9ms) ; 补丁:词典 x1=234.0ms(单次234.0ms) ; 补丁:显示 x1=135.0ms(单次135.0ms) ; 补丁:音频 x1=76.6ms(单次76.6ms) ; 身份:读内存词表 x16=64.7ms(单次64.5ms) ; 身份:读落盘书名 x16=40.4ms(单次37.3ms) ; ES3:落盘书名 x2=37.3ms(单次36.1ms) ; 身份:托管登记 x14=31.4ms(单次3.3ms) ; 身份:Evaluate x14=5.8ms(单次2.2ms) ; 身份:匹配内存词表 x14=2.5ms(单次0.7ms) ; …共14个标签
[Info   :  WCP Host] WcpHost: 性能哨兵 fps=17.1 帧=172 最差帧=101ms 卡顿帧(>=50ms)=128 窗口=10.0s | mod 主线程占用=23.0ms/窗口 | GC窗口=0:0 1:0 2:0 堆=+0MB | 快路径命中=内存词表指纹 9/9 | 窗口 Top（累计）=身份:托管登记 x9=20.6ms(单次3.0ms) ; 身份:Evaluate x9=2.4ms(单次0.4ms) ; 身份:读落盘书名 x9=1.3ms(单次0.4ms) ; 身份:匹配内存词表 x9=0.9ms(单次0.2ms) ; 身份:读内存词表 x9=0.1ms(单次0.0ms) ; 身份:槽号 x9=0.0ms(单次0.0ms) ; 补丁:Sync x9=0.0ms(单次0.0ms)
[Info   :  WCP Host] WcpHost: 性能哨兵 fps=18.7 帧=188 最差帧=107ms 卡顿帧(>=50ms)=115 窗口=10.0s | mod 主线程占用=24.0ms/窗口 | GC窗口=0:0 1:0 2:0 堆=+0MB | 快路径命中=内存词表指纹 10/10 | 窗口 Top（累计）=身份:托管登记 x10=21.3ms(单次2.9ms) ; 身份:Evaluate x10=2.7ms(单次0.3ms) ; 身份:读落盘书名 x10=1.3ms(单次0.2ms) ; 身份:匹配内存词表 x10=1.1ms(单次0.2ms) ; 身份:读内存词表 x10=0.1ms(单次0.0ms) ; 身份:槽号 x10=0.0ms(单次0.0ms) ; 补丁:Sync x10=0.0ms(单次0.0ms)
[Info   :  WCP Host] WcpHost: 性能哨兵 fps=18.0 帧=180 最差帧=105ms 卡顿帧(>=50ms)=120 窗口=10.0s | mod 主线程占用=21.5ms/窗口 | GC窗口=0:0 1:0 2:0 堆=+0MB | 快路径命中=内存词表指纹 10/10 | 窗口 Top（累计）=身份:托管登记 x10=18.9ms(单次2.2ms) ; 身份:Evaluate x10=2.6ms(单次0.4ms) ; 身份:匹配内存词表 x10=1.3ms(单次0.2ms) ; 身份:读落盘书名 x10=1.1ms(单次0.2ms) ; 身份:读内存词表 x10=0.1ms(单次0.0ms) ; 身份:槽号 x10=0.0ms(单次0.0ms) ; 补丁:Sync x10=0.0ms(单次0.0ms)
[Info   :  WCP Host] WcpHost: 性能哨兵 fps=18.6 帧=187 最差帧=93ms 卡顿帧(>=50ms)=115 窗口=10.1s | mod 主线程占用=20.7ms/窗口 | GC窗口=0:0 1:0 2:0 堆=+0MB | 快路径命中=内存词表指纹 10/10 | 窗口 Top（累计）=身份:托管登记 x10=18.0ms(单次2.5ms) ; 身份:Evaluate x10=2.7ms(单次0.3ms) ; 身份:匹配内存词表 x10=1.3ms(单次0.2ms) ; 身份:读落盘书名 x10=1.1ms(单次0.2ms) ; 身份:读内存词表 x10=0.1ms(单次0.0ms) ; 身份:槽号 x10=0.0ms(单次0.0ms) ; 补丁:Sync x10=0.0ms(单次0.0ms)
[Info   :  WCP Host] WcpHost: 性能哨兵 fps=18.2 帧=183 最差帧=97ms 卡顿帧(>=50ms)=118 窗口=10.1s | mod 主线程占用=18.0ms/窗口 | GC窗口=0:0 1:0 2:0 堆=+0MB | 快路径命中=内存词表指纹 9/9 | 窗口 Top（累计）=身份:托管登记 x9=15.8ms(单次2.3ms) ; 身份:Evaluate x9=2.2ms(单次0.3ms) ; 身份:匹配内存词表 x9=1.1ms(单次0.1ms) ; 身份:读落盘书名 x9=0.9ms(单次0.1ms) ; 身份:读内存词表 x9=0.1ms(单次0.0ms) ; 身份:槽号 x9=0.0ms(单次0.0ms) ; 补丁:Sync x9=0.0ms(单次0.0ms)
Can not play a disabled audio source
testerJJ---》正式版，直接进入
Unloading 9 Unused Serialized files (Serialized files now loaded: 1)
UnloadTime: 13.050700 ms
Unloading 445 unused Assets to reduce memory usage. Loaded Objects now: 6004.
Total: 41.107800 ms (FindLiveObjects: 0.659100 ms CreateObjectMapping: 0.150400 ms MarkObjects: 34.922500 ms  DeleteObjects: 5.374500 ms)

Setting up 12 worker threads for Enlighten.
[Info   :  WCP Host] WcpHost: 长帧 265ms — mod 本帧占用 0.0ms（0.0%） GC本帧=0:0 1:0 2:0 本帧 Top=无 mod 操作
The referenced script (Magio.PreviewMagioVFXController) on this Behaviour is missing!
The referenced script (Magio.PreviewMagioVFXController) on this Behaviour is missing!
The referenced script (Magio.PreviewMagioShaderController) on this Behaviour is missing!
The referenced script (Magio.PreviewMagioShaderController) on this Behaviour is missing!
The referenced script (Magio.PreviewMagioVFXController) on this Behaviour is missing!
The referenced script (Magio.PreviewMagioShaderController) on this Behaviour is missing!
The referenced script (Magio.PreviewMagioShaderController) on this Behaviour is missing!
The referenced script (Magio.PreviewMagioShaderController) on this Behaviour is missing!
The referenced script (Magio.PreviewMagioShaderController) on this Behaviour is missing!
The referenced script (Magio.PreviewMagioVFXController) on this Behaviour is missing!
The referenced script (Magio.PreviewMagioVFXController) on this Behaviour is missing!
The referenced script (Magio.PreviewMagioVFXController) on this Behaviour is missing!
The referenced script (Magio.PreviewMagioVFXController) on this Behaviour is missing!
The referenced script (Magio.PreviewMagioVFXController) on this Behaviour is missing!
The referenced script (Magio.PreviewMagioShaderController) on this Behaviour is missing!
The referenced script (Magio.PreviewMagioShaderController) on this Behaviour is missing!
The referenced script (Magio.PreviewMagioVFXController) on this Behaviour is missing!
The referenced script (Magio.PreviewMagioVFXController) on this Behaviour is missing!
The referenced script (Magio.PreviewMagioVFXController) on this Behaviour is missing!
The referenced script (Magio.PreviewMagioVFXController) on this Behaviour is missing!
The referenced script (Magio.PreviewMagioVFXController) on this Behaviour is missing!
The referenced script (Magio.PreviewMagioVFXController) on this Behaviour is missing!
The referenced script (Magio.PreviewMagioVFXController) on this Behaviour is missing!
The referenced script (Magio.PreviewMagioVFXController) on this Behaviour is missing!
The referenced script (Magio.PreviewMagioVFXController) on this Behaviour is missing!
The referenced script (Magio.PreviewMagioShaderController) on this Behaviour is missing!
The referenced script (Magio.PreviewMagioShaderController) on this Behaviour is missing!
The referenced script (Magio.PreviewMagioShaderController) on this Behaviour is missing!
The referenced script (Magio.PreviewMagioShaderController) on this Behaviour is missing!
The referenced script (Magio.PreviewMagioShaderController) on this Behaviour is missing!
The referenced script (Magio.PreviewMagioShaderController) on this Behaviour is missing!
The referenced script (Magio.PreviewMagioVFXController) on this Behaviour is missing!
The referenced script (Magio.PreviewMagioVFXController) on this Behaviour is missing!
The referenced script (Magio.PreviewMagioVFXController) on this Behaviour is missing!
The referenced script (Magio.PreviewMagioVFXController) on this Behaviour is missing!
The referenced script (Magio.PreviewMagioVFXController) on this Behaviour is missing!
The referenced script (Magio.PreviewMagioVFXController) on this Behaviour is missing!
The referenced script (Magio.PreviewMagioShaderController) on this Behaviour is missing!
The referenced script (Magio.PreviewMagioShaderController) on this Behaviour is missing!
The referenced script (Magio.PreviewMagioVFXController) on this Behaviour is missing!
The referenced script (Magio.PreviewMagioShaderController) on this Behaviour is missing!
The referenced script (Magio.PreviewMagioShaderController) on this Behaviour is missing!
The referenced script (Magio.PreviewMagioShaderController) on this Behaviour is missing!
The referenced script (Magio.PreviewMagioVFXController) on this Behaviour is missing!
The referenced script (Magio.PreviewMagioShaderController) on this Behaviour is missing!
The referenced script (Magio.PreviewMagioVFXController) on this Behaviour is missing!
The referenced script (Magio.PreviewMagioVFXController) on this Behaviour is missing!
The referenced script (Magio.PreviewMagioShaderController) on this Behaviour is missing!
The referenced script (Magio.PreviewMagioVFXController) on this Behaviour is missing!
The referenced script (Magio.PreviewMagioVFXController) on this Behaviour is missing!
The referenced script (Magio.PreviewMagioShaderController) on this Behaviour is missing!
The referenced script (Magio.PreviewMagioShaderController) on this Behaviour is missing!
The referenced script (Magio.PreviewMagioShaderController) on this Behaviour is missing!
The referenced script on this Behaviour (Game Object 'Magica Capsule Collider (upperarm_l)') is missing!
The referenced script on this Behaviour (Game Object 'Magica Capsule Collider (head)') is missing!
The referenced script on this Behaviour (Game Object 'New Magio Effect-fire') is missing!
A scripted object (probably Magio.PreviewMagioVFXController?) has a different serialization layout when loading. (Read 32 bytes but expected 48 bytes)
Did you #if UNITY_EDITOR a section of your serialized properties in any of your scripts?
The referenced script on this Behaviour (Game Object 'New Magio Effect-fire') is missing!
A scripted object (probably Magio.PreviewMagioVFXController?) has a different serialization layout when loading. (Read 32 bytes but expected 48 bytes)
Did you #if UNITY_EDITOR a section of your serialized properties in any of your scripts?
The referenced script on this Behaviour (Game Object 'Magica Capsule Collider (clavicle_r)') is missing!
The referenced script on this Behaviour (Game Object 'New Magio Effect-stone') is missing!
A scripted object (probably Magio.PreviewMagioShaderController?) has a different serialization layout when loading. (Read 32 bytes but expected 48 bytes)
Did you #if UNITY_EDITOR a section of your serialized properties in any of your scripts?
The referenced script on this Behaviour (Game Object 'Magica Capsule Collider (spine_01)') is missing!
The referenced script on this Behaviour (Game Object 'Magica Capsule Collider (clavicle_r)') is missing!
The referenced script on this Behaviour (Game Object 'Magica Capsule Collider (spine_03)') is missing!
The referenced script on this Behaviour (Game Object 'New Magio Effect-stone') is missing!
A scripted object (probably Magio.PreviewMagioShaderController?) has a different serialization layout when loading. (Read 32 bytes but expected 48 bytes)
Did you #if UNITY_EDITOR a section of your serialized properties in any of your scripts?
The referenced script on this Behaviour (Game Object 'New Magio Effect-lightning') is missing!
A scripted object (probably Magio.PreviewMagioVFXController?) has a different serialization layout when loading. (Read 32 bytes but expected 48 bytes)
Did you #if UNITY_EDITOR a section of your serialized properties in any of your scripts?
The referenced script on this Behaviour (Game Object 'New Magio Effect-stone') is missing!
A scripted object (probably Magio.PreviewMagioShaderController?) has a different serialization layout when loading. (Read 32 bytes but expected 48 bytes)
Did you #if UNITY_EDITOR a section of your serialized properties in any of your scripts?
The referenced script on this Behaviour (Game Object 'New Magio Effect-stone') is missing!
A scripted object (probably Magio.PreviewMagioShaderController?) has a different serialization layout when loading. (Read 32 bytes but expected 48 bytes)
Did you #if UNITY_EDITOR a section of your serialized properties in any of your scripts?
The referenced script on this Behaviour (Game Object 'New Magio Effect-stone') is missing!
A scripted object (probably Magio.PreviewMagioShaderController?) has a different serialization layout when loading. (Read 32 bytes but expected 48 bytes)
Did you #if UNITY_EDITOR a section of your serialized properties in any of your scripts?
The referenced script on this Behaviour (Game Object 'New Magio Effect-stone') is missing!
A scripted object (probably Magio.PreviewMagioShaderController?) has a different serialization layout when loading. (Read 32 bytes but expected 48 bytes)
Did you #if UNITY_EDITOR a section of your serialized properties in any of your scripts?
The referenced script on this Behaviour (Game Object 'New Magio Effect-lightning') is missing!
A scripted object (probably Magio.PreviewMagioVFXController?) has a different serialization layout when loading. (Read 32 bytes but expected 48 bytes)
Did you #if UNITY_EDITOR a section of your serialized properties in any of your scripts?
The referenced script on this Behaviour (Game Object 'New Magio Effect-fire') is missing!
A scripted object (probably Magio.PreviewMagioVFXController?) has a different serialization layout when loading. (Read 32 bytes but expected 48 bytes)
Did you #if UNITY_EDITOR a section of your serialized properties in any of your scripts?
The referenced script on this Behaviour (Game Object 'New Magio Effect-lightning') is missing!
A scripted object (probably Magio.PreviewMagioVFXController?) has a different serialization layout when loading. (Read 32 bytes but expected 48 bytes)
Did you #if UNITY_EDITOR a section of your serialized properties in any of your scripts?
The referenced script on this Behaviour (Game Object 'Magica Sphere Collider (spine_02)') is missing!
The referenced script on this Behaviour (Game Object 'Magica Bone Cloth (Rifle_Full_Body) (1)') is missing!
The referenced script on this Behaviour (Game Object 'New Magio Effect-lightning') is missing!
A scripted object (probably Magio.PreviewMagioVFXController?) has a different serialization layout when loading. (Read 32 bytes but expected 48 bytes)
Did you #if UNITY_EDITOR a section of your serialized properties in any of your scripts?
The referenced script on this Behaviour (Game Object 'New Magio Effect-fire') is missing!
A scripted object (probably Magio.PreviewMagioVFXController?) has a different serialization layout when loading. (Read 32 bytes but expected 48 bytes)
Did you #if UNITY_EDITOR a section of your serialized properties in any of your scripts?
The referenced script on this Behaviour (Game Object 'New Magio Effect-stone') is missing!
A scripted object (probably Magio.PreviewMagioShaderController?) has a different serialization layout when loading. (Read 32 bytes but expected 48 bytes)
Did you #if UNITY_EDITOR a section of your serialized properties in any of your scripts?
The referenced script on this Behaviour (Game Object 'New Magio Effect-stone') is missing!
A scripted object (probably Magio.PreviewMagioShaderController?) has a different serialization layout when loading. (Read 32 bytes but expected 48 bytes)
Did you #if UNITY_EDITOR a section of your serialized properties in any of your scripts?
The referenced script on this Behaviour (Game Object 'Magica Mesh Cloth (Rifle_Full_Body) (1)') is missing!
The referenced script on this Behaviour (Game Object 'Magica Virtual Deformer (Rifle_Hair) (1)') is missing!
The referenced script on this Behaviour (Game Object 'Magica Bone Cloth (Rifle_Full_Body) (1)') is missing!
The referenced script on this Behaviour (Game Object 'Magica Capsule Collider (lowerarm_l)') is missing!
The referenced script on this Behaviour (Game Object 'New Magio Effect-fire') is missing!
A scripted object (probably Magio.PreviewMagioVFXController?) has a different serialization layout when loading. (Read 32 bytes but expected 48 bytes)
Did you #if UNITY_EDITOR a section of your serialized properties in any of your scripts?
The referenced script on this Behaviour (Game Object 'New Magio Effect-lightning') is missing!
A scripted object (probably Magio.PreviewMagioVFXController?) has a different serialization layout when loading. (Read 32 bytes but expected 48 bytes)
Did you #if UNITY_EDITOR a section of your serialized properties in any of your scripts?
The referenced script on this Behaviour (Game Object 'New Magio Effect-fire') is missing!
A scripted object (probably Magio.PreviewMagioVFXController?) has a different serialization layout when loading. (Read 32 bytes but expected 48 bytes)
Did you #if UNITY_EDITOR a section of your serialized properties in any of your scripts?
The referenced script on this Behaviour (Game Object 'New Magio Effect-lightning') is missing!
A scripted object (probably Magio.PreviewMagioVFXController?) has a different serialization layout when loading. (Read 32 bytes but expected 48 bytes)
Did you #if UNITY_EDITOR a section of your serialized properties in any of your scripts?
The referenced script on this Behaviour (Game Object 'Magica Mesh Cloth (Rifle_Full_Body) (1)') is missing!
The referenced script on this Behaviour (Game Object 'Magica Capsule Collider (head)') is missing!
The referenced script on this Behaviour (Game Object 'Magica Sphere Collider (spine_02)') is missing!
The referenced script on this Behaviour (Game Object 'Magica Capsule Collider (spine_03)') is missing!
The referenced script on this Behaviour (Game Object 'Magica Capsule Collider (lowerarm_r)') is missing!
The referenced script on this Behaviour (Game Object 'Magica Capsule Collider (upperarm_r)') is missing!
The referenced script on this Behaviour (Game Object 'New Magio Effect-lightning') is missing!
A scripted object (probably Magio.PreviewMagioVFXController?) has a different serialization layout when loading. (Read 32 bytes but expected 48 bytes)
Did you #if UNITY_EDITOR a section of your serialized properties in any of your scripts?
The referenced script on this Behaviour (Game Object 'New Magio Effect-fire') is missing!
A scripted object (probably Magio.PreviewMagioVFXController?) has a different serialization layout when loading. (Read 32 bytes but expected 48 bytes)
Did you #if UNITY_EDITOR a section of your serialized properties in any of your scripts?
The referenced script on this Behaviour (Game Object 'New Magio Effect-fire') is missing!
A scripted object (probably Magio.PreviewMagioVFXController?) has a different serialization layout when loading. (Read 32 bytes but expected 48 bytes)
Did you #if UNITY_EDITOR a section of your serialized properties in any of your scripts?
The referenced script on this Behaviour (Game Object 'New Magio Effect-fire') is missing!
A scripted object (probably Magio.PreviewMagioVFXController?) has a different serialization layout when loading. (Read 32 bytes but expected 48 bytes)
Did you #if UNITY_EDITOR a section of your serialized properties in any of your scripts?
The referenced script on this Behaviour (Game Object 'New Magio Effect-fire') is missing!
A scripted object (probably Magio.PreviewMagioVFXController?) has a different serialization layout when loading. (Read 32 bytes but expected 48 bytes)
Did you #if UNITY_EDITOR a section of your serialized properties in any of your scripts?
The referenced script on this Behaviour (Game Object 'New Magio Effect-stone') is missing!
A scripted object (probably Magio.PreviewMagioShaderController?) has a different serialization layout when loading. (Read 32 bytes but expected 48 bytes)
Did you #if UNITY_EDITOR a section of your serialized properties in any of your scripts?
The referenced script on this Behaviour (Game Object 'New Magio Effect-stone') is missing!
A scripted object (probably Magio.PreviewMagioShaderController?) has a different serialization layout when loading. (Read 32 bytes but expected 48 bytes)
Did you #if UNITY_EDITOR a section of your serialized properties in any of your scripts?
The referenced script on this Behaviour (Game Object 'Magica Capsule Collider (spine_01)') is missing!
The referenced script on this Behaviour (Game Object 'New Magio Effect-stone') is missing!
A scripted object (probably Magio.PreviewMagioShaderController?) has a different serialization layout when loading. (Read 32 bytes but expected 48 bytes)
Did you #if UNITY_EDITOR a section of your serialized properties in any of your scripts?
The referenced script on this Behaviour (Game Object 'New Magio Effect-stone') is missing!
A scripted object (probably Magio.PreviewMagioShaderController?) has a different serialization layout when loading. (Read 32 bytes but expected 48 bytes)
Did you #if UNITY_EDITOR a section of your serialized properties in any of your scripts?
The referenced script on this Behaviour (Game Object 'New Magio Effect-stone') is missing!
A scripted object (probably Magio.PreviewMagioShaderController?) has a different serialization layout when loading. (Read 32 bytes but expected 48 bytes)
Did you #if UNITY_EDITOR a section of your serialized properties in any of your scripts?
The referenced script on this Behaviour (Game Object 'CheatModeManager') is missing!
The referenced script on this Behaviour (Game Object 'CheatModeManager') is missing!
The referenced script on this Behaviour (Game Object 'New Magio Effect-stone') is missing!
A scripted object (probably Magio.PreviewMagioShaderController?) has a different serialization layout when loading. (Read 32 bytes but expected 48 bytes)
Did you #if UNITY_EDITOR a section of your serialized properties in any of your scripts?
The referenced script on this Behaviour (Game Object 'New Magio Effect-fire') is missing!
A scripted object (probably Magio.PreviewMagioVFXController?) has a different serialization layout when loading. (Read 32 bytes but expected 48 bytes)
Did you #if UNITY_EDITOR a section of your serialized properties in any of your scripts?
The referenced script on this Behaviour (Game Object 'New Magio Effect-fire') is missing!
A scripted object (probably Magio.PreviewMagioVFXController?) has a different serialization layout when loading. (Read 32 bytes but expected 48 bytes)
Did you #if UNITY_EDITOR a section of your serialized properties in any of your scripts?
The referenced script on this Behaviour (Game Object 'New Magio Effect-fire') is missing!
A scripted object (probably Magio.PreviewMagioVFXController?) has a different serialization layout when loading. (Read 32 bytes but expected 48 bytes)
Did you #if UNITY_EDITOR a section of your serialized properties in any of your scripts?
The referenced script on this Behaviour (Game Object 'New Magio Effect-lightning') is missing!
A scripted object (probably Magio.PreviewMagioVFXController?) has a different serialization layout when loading. (Read 32 bytes but expected 48 bytes)
Did you #if UNITY_EDITOR a section of your serialized properties in any of your scripts?
The referenced script on this Behaviour (Game Object 'Magica Capsule Collider (upperarm_l)') is missing!
The referenced script on this Behaviour (Game Object 'Magica Virtual Deformer (Rifle_Hair) (1)') is missing!
The referenced script on this Behaviour (Game Object 'New Magio Effect-fire') is missing!
A scripted object (probably Magio.PreviewMagioVFXController?) has a different serialization layout when loading. (Read 32 bytes but expected 48 bytes)
Did you #if UNITY_EDITOR a section of your serialized properties in any of your scripts?
The referenced script on this Behaviour (Game Object 'New Magio Effect-fire') is missing!
A scripted object (probably Magio.PreviewMagioVFXController?) has a different serialization layout when loading. (Read 32 bytes but expected 48 bytes)
Did you #if UNITY_EDITOR a section of your serialized properties in any of your scripts?
The referenced script on this Behaviour (Game Object 'New Magio Effect-stone') is missing!
A scripted object (probably Magio.PreviewMagioShaderController?) has a different serialization layout when loading. (Read 32 bytes but expected 48 bytes)
Did you #if UNITY_EDITOR a section of your serialized properties in any of your scripts?
The referenced script on this Behaviour (Game Object 'New Magio Effect-stone') is missing!
A scripted object (probably Magio.PreviewMagioShaderController?) has a different serialization layout when loading. (Read 32 bytes but expected 48 bytes)
Did you #if UNITY_EDITOR a section of your serialized properties in any of your scripts?
The referenced script on this Behaviour (Game Object 'Magica Capsule Collider (upperarm_r)') is missing!
The referenced script on this Behaviour (Game Object 'Magica Capsule Collider (clavicle_l)') is missing!
The referenced script on this Behaviour (Game Object 'New Magio Effect-lightning') is missing!
A scripted object (probably Magio.PreviewMagioVFXController?) has a different serialization layout when loading. (Read 32 bytes but expected 48 bytes)
Did you #if UNITY_EDITOR a section of your serialized properties in any of your scripts?
The referenced script on this Behaviour (Game Object 'New Magio Effect-stone') is missing!
A scripted object (probably Magio.PreviewMagioShaderController?) has a different serialization layout when loading. (Read 32 bytes but expected 48 bytes)
Did you #if UNITY_EDITOR a section of your serialized properties in any of your scripts?
The referenced script on this Behaviour (Game Object 'New Magio Effect-stone') is missing!
A scripted object (probably Magio.PreviewMagioShaderController?) has a different serialization layout when loading. (Read 32 bytes but expected 48 bytes)
Did you #if UNITY_EDITOR a section of your serialized properties in any of your scripts?
The referenced script on this Behaviour (Game Object 'Magica Capsule Collider (lowerarm_r)') is missing!
The referenced script on this Behaviour (Game Object 'New Magio Effect-stone') is missing!
A scripted object (probably Magio.PreviewMagioShaderController?) has a different serialization layout when loading. (Read 32 bytes but expected 48 bytes)
Did you #if UNITY_EDITOR a section of your serialized properties in any of your scripts?
The referenced script on this Behaviour (Game Object 'New Magio Effect-fire') is missing!
A scripted object (probably Magio.PreviewMagioVFXController?) has a different serialization layout when loading. (Read 32 bytes but expected 48 bytes)
Did you #if UNITY_EDITOR a section of your serialized properties in any of your scripts?
The referenced script on this Behaviour (Game Object 'Rifle_Hair') is missing!
The referenced script on this Behaviour (Game Object 'New Magio Effect-stone') is missing!
A scripted object (probably Magio.PreviewMagioShaderController?) has a different serialization layout when loading. (Read 32 bytes but expected 48 bytes)
Did you #if UNITY_EDITOR a section of your serialized properties in any of your scripts?
The referenced script on this Behaviour (Game Object 'New Magio Effect-fire') is missing!
A scripted object (probably Magio.PreviewMagioVFXController?) has a different serialization layout when loading. (Read 32 bytes but expected 48 bytes)
Did you #if UNITY_EDITOR a section of your serialized properties in any of your scripts?
The referenced script on this Behaviour (Game Object 'New Magio Effect-lightning') is missing!
A scripted object (probably Magio.PreviewMagioVFXController?) has a different serialization layout when loading. (Read 32 bytes but expected 48 bytes)
Did you #if UNITY_EDITOR a section of your serialized properties in any of your scripts?
The referenced script on this Behaviour (Game Object 'New Magio Effect-stone') is missing!
A scripted object (probably Magio.PreviewMagioShaderController?) has a different serialization layout when loading. (Read 32 bytes but expected 48 bytes)
Did you #if UNITY_EDITOR a section of your serialized properties in any of your scripts?
The referenced script on this Behaviour (Game Object 'Magica Capsule Collider (lowerarm_l)') is missing!
The referenced script on this Behaviour (Game Object 'Magica Capsule Collider (clavicle_l)') is missing!
The referenced script on this Behaviour (Game Object 'New Magio Effect-fire') is missing!
A scripted object (probably Magio.PreviewMagioVFXController?) has a different serialization layout when loading. (Read 32 bytes but expected 48 bytes)
Did you #if UNITY_EDITOR a section of your serialized properties in any of your scripts?
The referenced script on this Behaviour (Game Object 'New Magio Effect-fire') is missing!
A scripted object (probably Magio.PreviewMagioVFXController?) has a different serialization layout when loading. (Read 32 bytes but expected 48 bytes)
Did you #if UNITY_EDITOR a section of your serialized properties in any of your scripts?
The referenced script on this Behaviour (Game Object 'New Magio Effect-stone') is missing!
A scripted object (probably Magio.PreviewMagioShaderController?) has a different serialization layout when loading. (Read 32 bytes but expected 48 bytes)
Did you #if UNITY_EDITOR a section of your serialized properties in any of your scripts?
The referenced script on this Behaviour (Game Object 'New Magio Effect-stone') is missing!
A scripted object (probably Magio.PreviewMagioShaderController?) has a different serialization layout when loading. (Read 32 bytes but expected 48 bytes)
Did you #if UNITY_EDITOR a section of your serialized properties in any of your scripts?
The referenced script on this Behaviour (Game Object 'New Magio Effect-stone') is missing!
A scripted object (probably Magio.PreviewMagioShaderController?) has a different serialization layout when loading. (Read 32 bytes but expected 48 bytes)
Did you #if UNITY_EDITOR a section of your serialized properties in any of your scripts?
Unloading 6 Unused Serialized files (Serialized files now loaded: 1)
[Info   :  WCP Host] WcpHost: 长帧 282ms — mod 本帧占用 0.0ms（0.0%） GC本帧=0:0 1:0 2:0 本帧 Top=无 mod 操作
[Info   :  WCP Host] WcpHost: 性能哨兵 fps=17.4 帧=175 最差帧=282ms 卡顿帧(>=50ms)=114 窗口=10.0s | mod 主线程占用=21.9ms/窗口，长帧=2 次 | GC窗口=0:3 1:3 2:3 堆=+5MB | 快路径命中=内存词表指纹 10/10 | 窗口 Top（累计）=身份:托管登记 x10=19.1ms(单次2.5ms) ; 身份:Evaluate x10=2.8ms(单次0.3ms) ; 身份:匹配内存词表 x10=1.4ms(单次0.2ms) ; 身份:读落盘书名 x10=1.2ms(单次0.1ms) ; 身份:读内存词表 x10=0.1ms(单次0.0ms) ; 身份:槽号 x10=0.0ms(单次0.0ms) ; 补丁:Sync x10=0.0ms(单次0.0ms)
UnloadTime: 0.450600 ms
SALSA-manager-npc-Girl2 [CrazyMinnow.SALSA.Emoter] configuration is not complete. STOP runtime, RESOLVE configuration, and PLAY again. If this is a runtime configuration, this message can be ignored.
SALSA-manager-npc-Girl1 [CrazyMinnow.SALSA.Emoter] configuration is not complete. STOP runtime, RESOLVE configuration, and PLAY again. If this is a runtime configuration, this message can be ignored.
SALSA-manager-Girl1 [CrazyMinnow.SALSA.Emoter] configuration is not complete. STOP runtime, RESOLVE configuration, and PLAY again. If this is a runtime configuration, this message can be ignored.
SALSA-manager-npc-Girl5 (1) [CrazyMinnow.SALSA.Emoter] configuration is not complete. STOP runtime, RESOLVE configuration, and PLAY again. If this is a runtime configuration, this message can be ignored.
PersistentSceneCacheManager: 新实例（ID: 84952）已被设置为全局单例 Instance。
SALSA-manager-npc-Girl5 [CrazyMinnow.SALSA.Emoter] configuration is not complete. STOP runtime, RESOLVE configuration, and PLAY again. If this is a runtime configuration, this message can be ignored.
SALSA-manager-npc-Girl4 [CrazyMinnow.SALSA.Emoter] configuration is not complete. STOP runtime, RESOLVE configuration, and PLAY again. If this is a runtime configuration, this message can be ignored.
SALSA-manager-npc-Girl3 [CrazyMinnow.SALSA.Emoter] configuration is not complete. STOP runtime, RESOLVE configuration, and PLAY again. If this is a runtime configuration, this message can be ignored.
MyParameters.ClothesShopDays-->3
【printerX】StoryManagerS4.JustPlay->Play
【printerX】MyParameters.finishPlotTimes[0]->0
【printerX】MyParameters.finishPlotTimes[1]->0
【printerX】MyParameters.finishPlotTimes[2]->0
【printerX】MyParameters.finishPlotTimes[3]->0
【printerX】MyParameters.finishPlotTimes[4]->0
【printerX】MyParameters.G1_PlotDone->0
【printerX】MyParameters.G2_PlotDone->0
【printerX】MyParameters.G3_PlotDone->0
【printerX】MyParameters.G4_PlotDone->0
【printerX】MyParameters.G5_PlotDone->0
【printerX】MyParameters.memoryModeIf->False
PersistentSceneCacheManager: 开始后台预读 2 个场景...
MyParameters.Initial_PlotDone-->3
The character with Unicode value \u89C9 was not found in the [LiberationSans SDF] font asset or any potential fallbacks. It was replaced by Unicode character \u25A1 in text object [Text (TMP)].
The character with Unicode value \u9192 was not found in the [LiberationSans SDF] font asset or any potential fallbacks. It was replaced by Unicode character \u25A1 in text object [Text (TMP)].
The character with Unicode value \u53D8 was not found in the [LiberationSans SDF] font asset or any potential fallbacks. It was replaced by Unicode character \u25A1 in text object [Text (TMP)].
The character with Unicode value \u8EAB was not found in the [LiberationSans SDF] font asset or any potential fallbacks. It was replaced by Unicode character \u25A1 in text object [Text (TMP)].
The character with Unicode value \u89C9 was not found in the [LiberationSans SDF] font asset or any potential fallbacks. It was replaced by Unicode character \u25A1 in text object [Text (TMP)].
The character with Unicode value \u9192 was not found in the [LiberationSans SDF] font asset or any potential fallbacks. It was replaced by Unicode character \u25A1 in text object [Text (TMP)].
The character with Unicode value \u53D8 was not found in the [LiberationSans SDF] font asset or any potential fallbacks. It was replaced by Unicode character \u25A1 in text object [Text (TMP)].
The character with Unicode value \u8EAB was not found in the [LiberationSans SDF] font asset or any potential fallbacks. It was replaced by Unicode character \u25A1 in text object [Text (TMP)].
Unloading 72 unused Assets to reduce memory usage. Loaded Objects now: 55863.
Total: 52.127300 ms (FindLiveObjects: 7.501200 ms CreateObjectMapping: 1.580000 ms MarkObjects: 41.834600 ms  DeleteObjects: 1.210500 ms)

[Info   :  WCP Host] WcpHost: 长帧 6529ms — mod 本帧占用 1.6ms（0.0%） GC本帧=0:0 1:0 2:0 本帧 Top=身份:托管登记 x1=1.5ms(单次1.5ms) ; 身份:Evaluate x1=0.1ms(单次0.1ms) ; 身份:读落盘书名 x1=0.1ms(单次0.1ms) ; 身份:匹配内存词表 x1=0.0ms(单次0.0ms) ; 身份:读内存词表 x1=0.0ms(单次0.0ms) ; 身份:槽号 x1=0.0ms(单次0.0ms) ; 补丁:Sync x1=0.0ms(单次0.0ms)
The referenced script (Magio.PreviewMagioVFXController) on this Behaviour is missing!
The referenced script (Magio.PreviewMagioVFXController) on this Behaviour is missing!
The referenced script on this Behaviour (Game Object 'skirt_center.L') is missing!
The referenced script on this Behaviour (Game Object 'skirt_side.L') is missing!
The referenced script on this Behaviour (Game Object 'boobs.R') is missing!
The referenced script on this Behaviour (Game Object 'R_jacket.001') is missing!
The referenced script on this Behaviour (Game Object 'ULegCollider.L') is missing!
The referenced script on this Behaviour (Game Object 'headcol (1)') is missing!
The referenced script on this Behaviour (Game Object 'armcol_R (1)') is missing!
The referenced script on this Behaviour (Game Object 'corset_ribbon.root') is missing!
The referenced script on this Behaviour (Game Object 'L_jacket.002') is missing!
The referenced script on this Behaviour (Game Object 'armcol_L (1)') is missing!
The referenced script on this Behaviour (Game Object 'L_jacket.001') is missing!
The referenced script on this Behaviour (Game Object 'hair_side.R.004') is missing!
The referenced script on this Behaviour (Game Object 'skirt_center.R') is missing!
The referenced script on this Behaviour (Game Object 'skirt.L') is missing!
The referenced script on this Behaviour (Game Object 'armcol_R (2)') is missing!
The referenced script on this Behaviour (Game Object 'hip_col') is missing!
The referenced script on this Behaviour (Game Object 'New Magio Effect-fire') is missing!
A scripted object (probably Magio.PreviewMagioVFXController?) has a different serialization layout when loading. (Read 32 bytes but expected 48 bytes)
Did you #if UNITY_EDITOR a section of your serialized properties in any of your scripts?
The referenced script on this Behaviour (Game Object 'leg_col_R') is missing!
The referenced script on this Behaviour (Game Object 'Lower Leg.R.001') is missing!
The referenced script on this Behaviour (Game Object 'hair_center') is missing!
The referenced script on this Behaviour (Game Object 'Upper Leg.R') is missing!
The referenced script on this Behaviour (Game Object 'breast.root') is missing!
The referenced script on this Behaviour (Game Object 'bigribon') is missing!
The referenced script on this Behaviour (Game Object 'skirt_back.L') is missing!
The referenced script on this Behaviour (Game Object 'arm_ribbon.root.L') is missing!
The referenced script on this Behaviour (Game Object 'arm_ribbon.root.R') is missing!
The referenced script on this Behaviour (Game Object 'R_strap2.001') is missing!
The referenced script on this Behaviour (Game Object 'leg_col_L') is missing!
The referenced script on this Behaviour (Game Object 'Lower Leg.L.001') is missing!
The referenced script on this Behaviour (Game Object 'necklace.001') is missing!
The referenced script on this Behaviour (Game Object 'skirt_center') is missing!
The referenced script on this Behaviour (Game Object 'chestcol_ponytail') is missing!
The referenced script on this Behaviour (Game Object 'hair_side.L.004') is missing!
The referenced script on this Behaviour (Game Object 'boobs.L') is missing!
The referenced script on this Behaviour (Game Object 'Bootlace.L') is missing!
The referenced script on this Behaviour (Game Object 'ULegCollider.R') is missing!
The referenced script on this Behaviour (Game Object 'Lower Arm.L.001') is missing!
The referenced script on this Behaviour (Game Object 'New Magio Effect-fire') is missing!
A scripted object (probably Magio.PreviewMagioVFXController?) has a different serialization layout when loading. (Read 32 bytes but expected 48 bytes)
Did you #if UNITY_EDITOR a section of your serialized properties in any of your scripts?
The referenced script on this Behaviour (Game Object 'bunny.L') is missing!
The referenced script on this Behaviour (Game Object 'hair_side.L') is missing!
The referenced script on this Behaviour (Game Object 'skirt_side.R') is missing!
The referenced script on this Behaviour (Game Object 'skirt_back') is missing!
The referenced script on this Behaviour (Game Object 'L_strap2.001') is missing!
The referenced script on this Behaviour (Game Object 'Lower Arm.R.001') is missing!
The referenced script on this Behaviour (Game Object 'bunny.R') is missing!
The referenced script on this Behaviour (Game Object 'skirt_back.R') is missing!
The referenced script on this Behaviour (Game Object 'skirt.root') is missing!
The referenced script on this Behaviour (Game Object 'skirt.root') is missing!
The referenced script on this Behaviour (Game Object 'skirt.root') is missing!
The referenced script on this Behaviour (Game Object 'skirt.root') is missing!
The referenced script on this Behaviour (Game Object 'skirt.root') is missing!
The referenced script on this Behaviour (Game Object 'skirt.root') is missing!
The referenced script on this Behaviour (Game Object 'skirt.root') is missing!
The referenced script on this Behaviour (Game Object 'skirt.root') is missing!
The referenced script on this Behaviour (Game Object 'skirt.root') is missing!
The referenced script on this Behaviour (Game Object 'skirt.root') is missing!
The referenced script on this Behaviour (Game Object 'chestcol_2') is missing!
The referenced script on this Behaviour (Game Object 'Bootlace.R') is missing!
The referenced script on this Behaviour (Game Object 'L_jacket.003') is missing!
The referenced script on this Behaviour (Game Object 'skirt.R') is missing!
The referenced script on this Behaviour (Game Object 'FloorCollider') is missing!
The referenced script on this Behaviour (Game Object 'R_strap.001') is missing!
The referenced script on this Behaviour (Game Object 'zipslider') is missing!
The referenced script on this Behaviour (Game Object 'キャミソール') is missing!
The referenced script on this Behaviour (Game Object 'Upper Leg.L') is missing!
The referenced script on this Behaviour (Game Object 'Bjacket') is missing!
The referenced script on this Behaviour (Game Object 'headcol') is missing!
The referenced script on this Behaviour (Game Object 'R_jacket.003') is missing!
The referenced script on this Behaviour (Game Object 'HipCollider') is missing!
The referenced script on this Behaviour (Game Object 'L_strap.001') is missing!
The referenced script on this Behaviour (Game Object 'armcol_L (2)') is missing!
The referenced script on this Behaviour (Game Object 'chestcol_1') is missing!
The referenced script on this Behaviour (Game Object 'choker') is missing!
The referenced script on this Behaviour (Game Object 'R_jacket.002') is missing!
The referenced script on this Behaviour (Game Object 'tail_root') is missing!
The referenced script on this Behaviour (Game Object 'hair_side.R') is missing!
[Info   :  WCP Host] WcpHost: 长帧 365ms — mod 本帧占用 0.0ms（0.0%） GC本帧=0:0 1:0 2:0 本帧 Top=无 mod 操作
There can be only one active Event System.
RenderPipeline 不一致，正在切换到: MyURP_Asset
背包场景初始化运行
initial showLine---->25
after showLine---->26
场景 Scene14_Equipment 预热完成（已在内存中隐藏）
There are 2 Transition Managers in your scene. Please ensure there is only one Transition Manager in your scene or overlapping transitions may occur.
[Info   :  WCP Host] WcpHost: 长帧 1484ms — mod 本帧占用 2.4ms（0.2%） GC本帧=0:0 1:0 2:0 本帧 Top=身份:Evaluate x1=1.2ms(单次1.2ms) ; 身份:读落盘书名 x1=1.2ms(单次1.2ms) ; 身份:托管登记 x1=1.2ms(单次1.2ms) ; ES3:落盘书名 x1=1.1ms(单次1.1ms) ; 身份:匹配内存词表 x1=0.0ms(单次0.0ms) ; 身份:读内存词表 x1=0.0ms(单次0.0ms) ; 身份:槽号 x1=0.0ms(单次0.0ms) ; 补丁:Sync x1=0.0ms(单次0.0ms)
[Info   :  WCP Host] WcpHost: 长帧 587ms — mod 本帧占用 0.0ms（0.0%） GC本帧=0:0 1:0 2:0 本帧 Top=无 mod 操作
[Info   :  WCP Host] WcpHost: 性能哨兵 fps=3.3 帧=33 最差帧=6529ms 卡顿帧(>=50ms)=11 窗口=10.0s | mod 主线程占用=11.8ms/窗口，长帧=4 次 | GC窗口=0:17 1:17 2:17 堆=+29MB | 快路径命中=内存词表指纹 7/7 | 窗口 Top（累计）=身份:托管登记 x4=6.3ms(单次1.9ms) ; 身份:读落盘书名 x7=4.8ms(单次1.9ms) ; ES3:落盘书名 x3=3.9ms(单次1.7ms) ; 场景:强制校正 x3=3.7ms(单次2.1ms) ; 身份:Evaluate x4=1.9ms(单次1.2ms) ; 身份:匹配内存词表 x7=0.5ms(单次0.1ms) ; 身份:读内存词表 x7=0.1ms(单次0.0ms) ; 身份:槽号 x7=0.0ms(单次0.0ms) ; 补丁:Sync x4=0.0ms(单次0.0ms)
要解锁成就啦！
场景 Scene18_Gallery 预热完成（已在内存中隐藏）
<color=green>所有场景预热完毕，可以开始高性能秒换！</color>
加载成功 -> Index: 0 | Key: Assets/Scenes/PeoplePrefabFinal/13.prefab
currentNumX--->0  MyParameters.MerchantFightTimes[currentNumX]---->2
tester--> unlockedthispersonIf--->False
完成预读取
There are 3 Transition Managers in your scene. Please ensure there is only one Transition Manager in your scene or overlapping transitions may occur.
There are 3 Transition Managers in your scene. Please ensure there is only one Transition Manager in your scene or overlapping transitions may occur.
There are 3 Transition Managers in your scene. Please ensure there is only one Transition Manager in your scene or overlapping transitions may occur.
There are 3 Transition Managers in your scene. Please ensure there is only one Transition Manager in your scene or overlapping transitions may occur.
There are 3 Transition Managers in your scene. Please ensure there is only one Transition Manager in your scene or overlapping transitions may occur.
There are 3 Transition Managers in your scene. Please ensure there is only one Transition Manager in your scene or overlapping transitions may occur.
There are 3 Transition Managers in your scene. Please ensure there is only one Transition Manager in your scene or overlapping transitions may occur.
Unloading 11 Unused Serialized files (Serialized files now loaded: 3)
NullReferenceException: Object reference not set to an instance of an object
  at DrunkDemo.OnDestroy () [0x00000] in <fa3150a2aa8a468cb29ac7f135fd1c69>:0 

UnloadTime: 117.875600 ms
Unloading 5397 unused Assets to reduce memory usage. Loaded Objects now: 6622.
Total: 66.823700 ms (FindLiveObjects: 1.446500 ms CreateObjectMapping: 0.437000 ms MarkObjects: 38.822100 ms  DeleteObjects: 26.117300 ms)

[Info   :  WCP Host] WcpHost: 长帧 323ms — mod 本帧占用 2.2ms（0.7%） GC本帧=0:0 1:0 2:0 本帧 Top=身份:托管登记 x1=2.0ms(单次2.0ms) ; 身份:Evaluate x1=0.2ms(单次0.2ms) ; 身份:匹配内存词表 x1=0.1ms(单次0.1ms) ; 身份:读落盘书名 x1=0.1ms(单次0.1ms) ; 身份:读内存词表 x1=0.0ms(单次0.0ms) ; 补丁:Sync x1=0.0ms(单次0.0ms) ; 身份:槽号 x1=0.0ms(单次0.0ms)
[Info   :  WCP Host] WcpHost: 长帧 594ms — mod 本帧占用 0.0ms（0.0%） GC本帧=0:0 1:0 2:0 本帧 Top=无 mod 操作
Unloading 6 Unused Serialized files (Serialized files now loaded: 1)
[Info   :  WCP Host] WcpHost: 性能哨兵 fps=18.1 帧=182 最差帧=594ms 卡顿帧(>=50ms)=96 窗口=10.0s | mod 主线程占用=22.9ms/窗口，长帧=2 次 | GC窗口=0:1 1:1 2:1 堆=-28MB | 快路径命中=内存词表指纹 10/10 | 窗口 Top（累计）=身份:托管登记 x10=20.3ms(单次2.5ms) ; 身份:Evaluate x10=2.6ms(单次0.4ms) ; 身份:读落盘书名 x10=1.2ms(单次0.2ms) ; 身份:匹配内存词表 x10=1.2ms(单次0.2ms) ; 身份:读内存词表 x10=0.1ms(单次0.0ms) ; 身份:槽号 x10=0.0ms(单次0.0ms) ; 补丁:Sync x10=0.0ms(单次0.0ms)
[Info   :  WCP Host] WcpHost: 长帧 271ms — mod 本帧占用 0.0ms（0.0%） GC本帧=0:0 1:0 2:0 本帧 Top=无 mod 操作
UnloadTime: 0.748200 ms
SALSA-manager-Girl1 [CrazyMinnow.SALSA.Emoter] configuration is not complete. STOP runtime, RESOLVE configuration, and PLAY again. If this is a runtime configuration, this message can be ignored.
string[]文件找到！！！！
string[]文件找到！！！！
string[]文件找到！！！！
string[]文件找到！！！！
[testerCCC]-->CompleteIf_DailyStudy--->False OpenIf_ExtraStudy-->False CompleteIf_ExtraStudy-->False
[testerAA]-->StartSettingSR_Label--->【不能】额外学习
string[]文件找到！！！！
bookNum---》8451
testerxx当前达到的解锁等级——>1
 BookObj[i]--->0   
 BookObj[i]--->1   
testerxxline基础长度——>240
testerxxline长度——>322
MyParameters.HaveLearnedDictionary.Count--->842
MyParameters.tem_ChosenBook四级大纲词汇
[Info   :WCP Custom Slots] CustomSlots: postfix num=20; plugin=ok; 程序化=是(忽略); 自定义页=是; 栈=CustomCategoryPatch.DescribeStack < CustomCategoryPatch.Postfix < WordChooseButtonS10.DMD<WordChooseButtonS10::OnBookButtonClicked> < WordChooseButtonS10.Initialize < WordChooseButtonS10.Start
我的女友是：无
testerxxxxxxxxx启动LoadHaveLearnedDictionary
[Warning:  WCP Host] WcpHost: 读取 ES3 键失败 SelfBookList5: Key "SelfBookList5" was not found in file "C:/Users/hanserdesu/AppData/LocalLow/WCP/wcp\MyBook.es3". Use Load<T>(key, defaultValue) if you want to return a default value if the key does not exist.
[Info   :  WCP Host] WcpHost: 接管语言包 ru / catbar-russian-cefr-complete
[Info   :  WCP Host] WcpHost: 已激活 · ru / catbar-russian-cefr-complete（8451 词，槽 1，策略已载入）
Unloading 55 unused Assets to reduce memory usage. Loaded Objects now: 23498.
Total: 47.665400 ms (FindLiveObjects: 2.526400 ms CreateObjectMapping: 1.030900 ms MarkObjects: 43.601600 ms  DeleteObjects: 0.506000 ms)

[Info   :  WCP Host] WcpHost: 长帧 7193ms — mod 本帧占用 262.0ms（3.6%） GC本帧=0:2 1:2 2:2 本帧 Top=运行态:Tick x1=258.9ms(单次258.9ms) ; 运行态:例句按钮 x1=119.9ms(单次119.9ms) ; 运行态:书名扫描 x1=99.3ms(单次99.3ms) ; 运行态:队列校正 x1=37.7ms(单次37.7ms) ; 队列:规则 x1=35.4ms(单次35.4ms) ; ES3:槽位词表 x3=28.5ms(单次11.9ms) ; 队列:授权集 x1=2.0ms(单次2.0ms) ; 身份:Evaluate x1=1.6ms(单次1.6ms) ; 身份:托管登记 x1=1.5ms(单次1.5ms) ; 镜像:投递 x1=1.4ms(单次1.4ms) ; 身份:读落盘书名 x1=1.3ms(单次1.3ms) ; ES3:落盘书名 x1=1.2ms(单次1.2ms) ; …共21个标签
[Info   :  WCP Host] WcpHost: 长帧 244ms — mod 本帧占用 0.0ms（0.0%） GC本帧=0:0 1:0 2:0 本帧 Top=无 mod 操作
[Info   :  WCP Host] WcpHost: 性能哨兵 fps=5.2 帧=52 最差帧=7193ms 卡顿帧(>=50ms)=23 窗口=10.0s | mod 主线程占用=1439.8ms/窗口，长帧=3 次 | GC窗口=0:22 1:22 2:22 堆=+29MB | 快路径命中=内存词表指纹 5/6 ; 槽位词表指纹 2/3 | 窗口 Top（累计）=场景:强制校正 x2=1149.7ms(单次1149.5ms) ; 运行态:场景校正 x1=861.1ms(单次861.1ms) ; 队列:规则 x3=757.6ms(单次705.9ms) ; 运行态:Tick x2=280.5ms(单次258.9ms) ; 身份:槽位归属 x3=148.3ms(单次148.2ms) ; 槽位归属:重解析 x1=147.2ms(单次147.2ms) ; 运行态:例句按钮 x2=122.0ms(单次119.9ms) ; ES3:批量写(装载) x1=112.6ms(单次112.6ms) ; 运行态:书名扫描 x2=100.8ms(单次99.3ms) ; 槽位归属:行指纹 x13=97.4ms(单次24.2ms) ; 队列:对齐 x3=60.7ms(单次60.3ms) ; 运行态:队列校正 x2=55.6ms(单次37.7ms) ; …共33个标签
[Info   :  WCP Host] WcpHost: 长帧 157ms — mod 本帧占用 40.1ms（25.5%） GC本帧=0:1 1:1 2:1 本帧 Top=运行态:Tick x1=38.2ms(单次38.2ms) ; 运行态:队列校正 x1=36.3ms(单次36.3ms) ; 队列:规则 x1=34.9ms(单次34.9ms) ; 运行态:书名扫描 x1=1.8ms(单次1.8ms) ; 身份:托管登记 x1=1.4ms(单次1.4ms) ; 队列:授权集 x1=1.4ms(单次1.4ms) ; 身份:Evaluate x1=0.5ms(单次0.5ms) ; 身份:匹配内存词表 x1=0.2ms(单次0.2ms) ; 身份:读落盘书名 x1=0.1ms(单次0.1ms) ; 身份:读槽位词表 x1=0.1ms(单次0.1ms) ; 身份:槽位归属 x1=0.0ms(单次0.0ms) ; 身份:匹配槽位词表 x1=0.0ms(单次0.0ms) ; …共18个标签
[Info   :  WCP Host] WcpHost: 长帧 152ms — mod 本帧占用 0.0ms（0.0%） GC本帧=0:0 1:0 2:0 本帧 Top=无 mod 操作
要解锁成就啦！
Achievement [NEW_ACHIEVEMENT_3_67] unlocked
[Info   :  WCP Host] WcpHost: 长帧 154ms — mod 本帧占用 0.0ms（0.0%） GC本帧=0:0 1:0 2:0 本帧 Top=无 mod 操作
MyParameters.tem_ChosenBook自定义词书一
string[]文件找到！！！！
[Info   :WCP Custom Slots] CustomSlots: postfix num=20; plugin=ok; 程序化=是(忽略); 自定义页=是; 栈=CustomCategoryPatch.DescribeStack < CustomCategoryPatch.Postfix < WordChooseButtonS10.DMD<WordChooseButtonS10::OnBookButtonClicked> < WordChooseButtonS10.Initialize < InvokableCall.Invoke < UnityEvent.Invoke < Button.Press < Button.OnPointerClick
[Info   :WCP Book Name] BookName: 自定义词书一 -> 俄语词库(猫条版)
[Info   :WCP Book Name] BookName: 自定义词书一（俄语词库(猫条版)) -> 俄语词库(猫条版)
[Info   :WCP Book Name] BookName: 自定义词书二（法语词库(猫条版)) -> 法语词库(猫条版)
[Info   :WCP Book Name] BookName: 自定义词书三（俄语词库(猫条版)) -> 俄语词库(猫条版)
[Info   :WCP Book Name] BookName: 自定义词书四（德语词库(猫条版)) -> 德语词库(猫条版)
[Info   :  WCP Host] WcpHost: 长帧 426ms — mod 本帧占用 0.0ms（0.0%） GC本帧=0:1 1:1 2:1 本帧 Top=无 mod 操作
[Info   :  WCP Host] WcpHost: 长帧 214ms — mod 本帧占用 0.0ms（0.0%） GC本帧=0:0 1:0 2:0 本帧 Top=无 mod 操作
[Info   :WCP Custom Slots] CustomSlots: native page dumped (auto) -> C:\Users\hanserdesu\AppData\LocalLow\WCP\wcp_diag\WcpSlotsDiag.txt (264 lines)
[Info   :WCP Custom Slots] CustomSlots: 轮询 → 进入自定义页，显示面板
[Info   :WCP Custom Slots] CustomSlots: Show → 新建覆盖层; canvas=CanvasSetting1; sortingOrder=1022
[Info   :WCP Custom Slots] CustomSlots: 原生字体 = SourceHanSerifCN-Heavy
[Info   :WCP Custom Slots] CustomSlots: 路线A 原生外观 → 行 sprite=UISprite; 滚动条 handle=xuqiu10_frame_latiao_2; 面板底=隐藏
[Info   :WCP Custom Slots] CustomSlots: 从 WordChooseButtonS10.Son_spriteChosen 获取到原生选中底图: XQ56_button_list_long_choose
[Info   :WCP Custom Slots] CustomSlots: 物化自检 → 页框 1; 落盘文件存在; 回读词数=8116（写入 8116）; 一致=是; ChosenBook_Para=自定义词书一
[Info   :WCP Custom Slots] CustomSlots: store saved; bytes=955416; filledRows=13; selected=3
[Info   :WCP Custom Slots] CustomSlots: 逻辑槽位 3 -> 物理页框 1 (mod); 指纹=8116|abaisserabandonabandonner|îleôter
[Info   :  WCP Host] WcpHost: 性能哨兵 fps=13.0 帧=130 最差帧=426ms 卡顿帧(>=50ms)=116 窗口=10.0s | mod 主线程占用=327.6ms/窗口，长帧=5 次 | GC窗口=0:26 1:26 2:26 堆=+1MB | 快路径命中=内存词表指纹 9/9 ; 槽位词表指纹 9/9 | 窗口 Top（累计）=运行态:Tick x9=304.0ms(单次70.2ms) ; 运行态:队列校正 x9=285.6ms(单次70.2ms) ; 队列:规则 x9=261.9ms(单次64.5ms) ; 队列:授权集 x9=23.4ms(单次7.1ms) ; 身份:托管登记 x9=17.8ms(单次2.8ms) ; 运行态:例句按钮 x9=10.4ms(单次4.0ms) ; 运行态:书名扫描 x9=8.0ms(单次1.8ms) ; 身份:Evaluate x9=5.8ms(单次1.0ms) ; 身份:匹配内存词表 x9=2.2ms(单次0.4ms) ; 身份:读落盘书名 x9=1.2ms(单次0.3ms) ; 身份:读槽位词表 x9=0.7ms(单次0.2ms) ; 身份:槽位归属 x9=0.7ms(单次0.1ms) ; …共18个标签
[Info   :  WCP Host] WcpHost: 接管语言包 fr / catbar-french-cefr-complete
[Info   :  WCP Host] WcpHost: 已激活 · fr / catbar-french-cefr-complete（8116 词，槽 1，策略已载入）
[Info   :  WCP Host] WcpHost: 长帧 1146ms — mod 本帧占用 474.5ms（41.4%） GC本帧=0:7 1:7 2:7 本帧 Top=身份:Evaluate x1=300.4ms(单次300.4ms) ; 身份:槽位归属 x1=164.9ms(单次164.9ms) ; 槽位归属:重解析 x1=164.8ms(单次164.8ms) ; 槽位归属:行指纹 x13=123.5ms(单次32.2ms) ; 运行态:Tick x1=112.3ms(单次112.3ms) ; 身份:装载 x1=106.4ms(单次106.4ms) ; 装载:离开 x1=98.1ms(单次98.1ms) ; ES3:批量写(装载) x1=80.4ms(单次80.4ms) ; 运行态:书名扫描 x1=72.1ms(单次72.1ms) ; ES3:批量写(提交) x1=60.4ms(单次60.4ms) ; ES3:槽位词表 x4=49.7ms(单次14.2ms) ; 运行态:队列校正 x1=39.8ms(单次39.8ms) ; …共30个标签
[Info   :WCP Custom Slots] CustomSlots: 轮询 → 选书窗不可见，隐藏面板
[Info   :WCP Custom Slots] CustomSlots: Hide → 关闭覆盖层
testerBB------->WordPriority_Para----->收藏的单词 > 本书单词  MyParameters.dailyLearnNum_Para--->100
[testerCCC]-->CompleteIf_DailyStudy--->False OpenIf_ExtraStudy-->False CompleteIf_ExtraStudy-->False
[testerAA]-->StartSettingSR_Label--->【不能】额外学习
string[]文件找到！！！！
bookNum---》8116
testerxx当前达到的解锁等级——>1
 BookObj[i]--->0   
 BookObj[i]--->1   
testerxxline基础长度——>240
testerxxline长度——>322
MyParameters.HaveLearnedDictionary.Count--->842
[testerCCC]-->CompleteIf_DailyStudy--->False OpenIf_ExtraStudy-->False CompleteIf_ExtraStudy-->False
[testerAA]-->StartSettingSR_Label--->【不能】额外学习
string[]文件找到！！！！
bookNum---》8116
testerxx当前达到的解锁等级——>1
 BookObj[i]--->0   
 BookObj[i]--->1   
testerxxline基础长度——>240
testerxxline长度——>322
MyParameters.HaveLearnedDictionary.Count--->842
[Info   :  WCP Host] WcpHost: 长帧 6210ms — mod 本帧占用 26.4ms（0.4%） GC本帧=0:1 1:1 2:1 本帧 Top=运行态:Tick x1=23.4ms(单次23.4ms) ; 运行态:队列校正 x1=23.4ms(单次23.4ms) ; 队列:规则 x1=22.7ms(单次22.7ms) ; 身份:托管登记 x1=2.3ms(单次2.3ms) ; 身份:Evaluate x1=0.7ms(单次0.7ms) ; 队列:授权集 x1=0.7ms(单次0.7ms) ; 身份:匹配内存词表 x1=0.3ms(单次0.3ms) ; 身份:读落盘书名 x1=0.1ms(单次0.1ms) ; 身份:读槽位词表 x1=0.1ms(单次0.1ms) ; 身份:匹配槽位词表 x1=0.1ms(单次0.1ms) ; 身份:槽位归属 x1=0.1ms(单次0.1ms) ; 队列:对齐 x1=0.0ms(单次0.0ms) ; …共18个标签
[Info   :  WCP Host] WcpHost: 性能哨兵 fps=4.1 帧=43 最差帧=6210ms 卡顿帧(>=50ms)=41 窗口=10.5s | mod 主线程占用=591.4ms/窗口，长帧=2 次 | GC窗口=0:91 1:91 2:91 堆=-4MB | 快路径命中=内存词表指纹 4/7 ; 槽位词表指纹 6/7 | 窗口 Top（累计）=身份:Evaluate x5=303.5ms(单次300.4ms) ; 运行态:Tick x5=183.9ms(单次112.3ms) ; 身份:槽位归属 x7=165.2ms(单次164.9ms) ; 槽位归属:重解析 x1=164.8ms(单次164.8ms) ; 槽位归属:行指纹 x13=123.5ms(单次32.2ms) ; 队列:规则 x7=112.1ms(单次39.1ms) ; 身份:装载 x7=106.4ms(单次106.4ms) ; 运行态:队列校正 x5=102.2ms(单次39.8ms) ; 装载:离开 x1=98.1ms(单次98.1ms) ; ES3:批量写(装载) x1=80.4ms(单次80.4ms) ; 运行态:书名扫描 x5=77.4ms(单次72.1ms) ; ES3:批量写(提交) x1=60.4ms(单次60.4ms) ; …共32个标签
[Info   :  WCP Host] WcpHost: 长帧 151ms — mod 本帧占用 0.0ms（0.0%） GC本帧=0:0 1:0 2:0 本帧 Top=无 mod 操作
[Info   :  WCP Host] WcpHost: 性能哨兵 fps=13.0 帧=130 最差帧=151ms 卡顿帧(>=50ms)=121 窗口=10.0s | mod 主线程占用=158.2ms/窗口，长帧=1 次 | GC窗口=0:14 1:14 2:14 堆=-7MB | 快路径命中=内存词表指纹 9/9 ; 槽位词表指纹 9/9 | 窗口 Top（累计）=运行态:Tick x9=138.3ms(单次26.0ms) ; 运行态:队列校正 x9=124.1ms(单次24.8ms) ; 队列:规则 x9=108.4ms(单次24.2ms) ; 身份:托管登记 x9=15.7ms(单次2.3ms) ; 队列:授权集 x9=15.5ms(单次8.9ms) ; 运行态:例句按钮 x9=8.5ms(单次1.9ms) ; 运行态:书名扫描 x9=5.6ms(单次2.2ms) ; 身份:Evaluate x9=4.2ms(单次0.8ms) ; 身份:匹配内存词表 x9=1.3ms(单次0.3ms) ; 身份:读落盘书名 x9=1.0ms(单次0.2ms) ; 身份:读槽位词表 x9=0.7ms(单次0.1ms) ; 身份:槽位归属 x9=0.5ms(单次0.1ms) ; …共18个标签
[Info   :  WCP Host] WcpHost: 长帧 170ms — mod 本帧占用 0.0ms（0.0%） GC本帧=0:0 1:0 2:0 本帧 Top=无 mod 操作
[Info   :  WCP Host] WcpHost: 长帧 181ms — mod 本帧占用 14.8ms（8.2%） GC本帧=0:0 1:0 2:0 本帧 Top=运行态:Tick x1=12.7ms(单次12.7ms) ; 运行态:队列校正 x1=8.9ms(单次8.9ms) ; 队列:规则 x1=8.1ms(单次8.1ms) ; 运行态:例句按钮 x1=2.3ms(单次2.3ms) ; 身份:托管登记 x1=1.6ms(单次1.6ms) ; 运行态:书名扫描 x1=1.5ms(单次1.5ms) ; 队列:授权集 x1=0.7ms(单次0.7ms) ; 身份:Evaluate x1=0.5ms(单次0.5ms) ; 身份:匹配内存词表 x1=0.2ms(单次0.2ms) ; 身份:读落盘书名 x1=0.1ms(单次0.1ms) ; 身份:读槽位词表 x1=0.1ms(单次0.1ms) ; 身份:槽位归属 x1=0.0ms(单次0.0ms) ; …共18个标签
[Info   :  WCP Host] WcpHost: 长帧 150ms — mod 本帧占用 28.4ms（18.9%） GC本帧=0:1 1:1 2:1 本帧 Top=运行态:Tick x1=25.9ms(单次25.9ms) ; 运行态:队列校正 x1=25.9ms(单次25.9ms) ; 队列:规则 x1=25.2ms(单次25.2ms) ; 身份:托管登记 x1=1.8ms(单次1.8ms) ; 身份:Evaluate x1=0.7ms(单次0.7ms) ; 队列:授权集 x1=0.7ms(单次0.7ms) ; 身份:匹配内存词表 x1=0.2ms(单次0.2ms) ; 身份:读槽位词表 x1=0.2ms(单次0.2ms) ; 身份:读落盘书名 x1=0.1ms(单次0.1ms) ; 身份:槽位归属 x1=0.1ms(单次0.1ms) ; 身份:匹配槽位词表 x1=0.1ms(单次0.1ms) ; 队列:对齐 x1=0.0ms(单次0.0ms) ; …共18个标签
[Info   :  WCP Host] WcpHost: 性能哨兵 fps=12.2 帧=123 最差帧=181ms 卡顿帧(>=50ms)=115 窗口=10.1s | mod 主线程占用=162.1ms/窗口，长帧=3 次 | GC窗口=0:14 1:14 2:14 堆=-0MB | 快路径命中=内存词表指纹 10/10 ; 槽位词表指纹 10/10 | 窗口 Top（累计）=运行态:Tick x10=142.3ms(单次28.9ms) ; 运行态:队列校正 x10=130.6ms(单次28.9ms) ; 队列:规则 x10=122.3ms(单次28.2ms) ; 身份:托管登记 x10=15.6ms(单次1.9ms) ; 运行态:例句按钮 x10=9.1ms(单次2.3ms) ; 队列:授权集 x10=8.1ms(单次2.6ms) ; 身份:Evaluate x10=4.2ms(单次0.7ms) ; 运行态:书名扫描 x10=2.6ms(单次1.5ms) ; 身份:匹配内存词表 x10=1.4ms(单次0.3ms) ; 身份:读落盘书名 x10=0.9ms(单次0.1ms) ; 身份:读槽位词表 x10=0.6ms(单次0.2ms) ; 身份:槽位归属 x10=0.5ms(单次0.1ms) ; …共18个标签
[Info   :  WCP Host] WcpHost: 性能哨兵 fps=12.3 帧=124 最差帧=135ms 卡顿帧(>=50ms)=116 窗口=10.1s | mod 主线程占用=157.7ms/窗口 | GC窗口=0:14 1:14 2:14 堆=+4MB | 快路径命中=内存词表指纹 9/9 ; 槽位词表指纹 9/9 | 窗口 Top（累计）=运行态:Tick x9=138.7ms(单次25.3ms) ; 运行态:队列校正 x9=125.8ms(单次24.7ms) ; 队列:规则 x9=119.4ms(单次24.1ms) ; 身份:托管登记 x9=14.8ms(单次2.2ms) ; 运行态:例句按钮 x9=9.6ms(单次2.6ms) ; 队列:授权集 x9=6.2ms(单次1.2ms) ; 身份:Evaluate x9=4.1ms(单次0.9ms) ; 运行态:书名扫描 x9=3.3ms(单次1.9ms) ; 身份:匹配内存词表 x9=1.5ms(单次0.4ms) ; 身份:读落盘书名 x9=0.9ms(单次0.1ms) ; 身份:读槽位词表 x9=0.6ms(单次0.1ms) ; 身份:槽位归属 x9=0.5ms(单次0.1ms) ; …共18个标签
[Info   :  WCP Host] WcpHost: 长帧 163ms — mod 本帧占用 29.8ms（18.3%） GC本帧=0:1 1:1 2:1 本帧 Top=运行态:Tick x1=27.3ms(单次27.3ms) ; 运行态:队列校正 x1=25.7ms(单次25.7ms) ; 队列:规则 x1=25.1ms(单次25.1ms) ; 身份:托管登记 x1=1.9ms(单次1.9ms) ; 运行态:例句按钮 x1=1.6ms(单次1.6ms) ; 队列:授权集 x1=0.6ms(单次0.6ms) ; 身份:Evaluate x1=0.5ms(单次0.5ms) ; 身份:匹配内存词表 x1=0.2ms(单次0.2ms) ; 身份:读落盘书名 x1=0.1ms(单次0.1ms) ; 身份:读槽位词表 x1=0.1ms(单次0.1ms) ; 身份:槽位归属 x1=0.1ms(单次0.1ms) ; 身份:匹配槽位词表 x1=0.1ms(单次0.1ms) ; …共18个标签
[Info   :  WCP Host] WcpHost: 长帧 160ms — mod 本帧占用 29.8ms（18.6%） GC本帧=0:1 1:1 2:1 本帧 Top=运行态:Tick x1=27.9ms(单次27.9ms) ; 运行态:队列校正 x1=27.9ms(单次27.9ms) ; 队列:规则 x1=25.4ms(单次25.4ms) ; 队列:授权集 x1=2.5ms(单次2.5ms) ; 身份:托管登记 x1=1.5ms(单次1.5ms) ; 身份:Evaluate x1=0.3ms(单次0.3ms) ; 身份:读落盘书名 x1=0.1ms(单次0.1ms) ; 身份:槽位归属 x1=0.1ms(单次0.1ms) ; 身份:读槽位词表 x1=0.0ms(单次0.0ms) ; 身份:匹配槽位词表 x1=0.0ms(单次0.0ms) ; 身份:匹配内存词表 x1=0.0ms(单次0.0ms) ; 队列:对齐 x1=0.0ms(单次0.0ms) ; …共18个标签
[Info   :  WCP Host] WcpHost: 性能哨兵 fps=12.7 帧=128 最差帧=163ms 卡顿帧(>=50ms)=118 窗口=10.0s | mod 主线程占用=186.4ms/窗口，长帧=2 次 | GC窗口=0:15 1:15 2:15 堆=-9MB | 快路径命中=内存词表指纹 10/10 ; 槽位词表指纹 10/10 | 窗口 Top（累计）=运行态:Tick x10=165.5ms(单次30.7ms) ; 运行态:队列校正 x10=148.6ms(单次27.9ms) ; 队列:规则 x10=138.2ms(单次25.8ms) ; 身份:托管登记 x10=17.0ms(单次3.1ms) ; 运行态:例句按钮 x10=13.7ms(单次4.5ms) ; 队列:授权集 x10=10.1ms(单次2.9ms) ; 身份:Evaluate x10=4.0ms(单次0.6ms) ; 运行态:书名扫描 x10=3.1ms(单次1.6ms) ; 身份:匹配内存词表 x10=1.0ms(单次0.2ms) ; 身份:读落盘书名 x10=0.9ms(单次0.1ms) ; 身份:槽位归属 x10=0.7ms(单次0.2ms) ; 身份:读槽位词表 x10=0.6ms(单次0.1ms) ; …共18个标签
[Info   :  WCP Host] WcpHost: 长帧 160ms — mod 本帧占用 0.0ms（0.0%） GC本帧=0:0 1:0 2:0 本帧 Top=无 mod 操作
[Info   :  WCP Host] WcpHost: 长帧 1207ms — mod 本帧占用 18.8ms（1.6%） GC本帧=0:1 1:1 2:1 本帧 Top=运行态:Tick x1=16.1ms(单次16.1ms) ; 运行态:队列校正 x1=16.1ms(单次16.1ms) ; 队列:规则 x1=12.6ms(单次12.6ms) ; 队列:授权集 x1=3.5ms(单次3.5ms) ; 身份:Evaluate x1=1.4ms(单次1.4ms) ; 身份:托管登记 x1=1.3ms(单次1.3ms) ; 身份:读落盘书名 x1=1.2ms(单次1.2ms) ; ES3:落盘书名 x1=1.0ms(单次1.0ms) ; 身份:读槽位词表 x1=0.1ms(单次0.1ms) ; 身份:槽位归属 x1=0.1ms(单次0.1ms) ; 身份:匹配内存词表 x1=0.0ms(单次0.0ms) ; 身份:匹配槽位词表 x1=0.0ms(单次0.0ms) ; …共19个标签
Unloading 6 Unused Serialized files (Serialized files now loaded: 1)
SALSA: The controller for ('SALSA-manager-Girl1'::small::component 0) is missing. Ensure you have not deleted it with another script or process.
SALSA: The controller for ('SALSA-manager-Girl1'::medium-small::component 0) is missing. Ensure you have not deleted it with another script or process.
SALSA: The controller for ('SALSA-manager-Girl1'::medium-normal::component 0) is missing. Ensure you have not deleted it with another script or process.
SALSA: The controller for ('SALSA-manager-Girl1'::medium-Large::component 0) is missing. Ensure you have not deleted it with another script or process.
SALSA: The controller for ('SALSA-manager-Girl1'::big::component 0) is missing. Ensure you have not deleted it with another script or process.
SALSA: The controller for ('SALSA-manager-Girl2'::small::component 0) is missing. Ensure you have not deleted it with another script or process.
SALSA: The controller for ('SALSA-manager-Girl2'::medium::component 0) is missing. Ensure you have not deleted it with another script or process.
SALSA: The controller for ('SALSA-manager-Girl2'::big::component 0) is missing. Ensure you have not deleted it with another script or process.
SALSA: The controller for ('SALSA-manager-Girl2'::verybig::component 0) is missing. Ensure you have not deleted it with another script or process.
SALSA: The controller for ('SALSA-manager-Girl2'::huge::component 0) is missing. Ensure you have not deleted it with another script or process.
SALSA: The controller for ('SALSA-manager-Girl3'::medium::component 0) is missing. Ensure you have not deleted it with another script or process.
SALSA: The controller for ('SALSA-manager-Girl3'::medium2::component 0) is missing. Ensure you have not deleted it with another script or process.
SALSA: The controller for ('SALSA-manager-Girl3'::medium3::component 0) is missing. Ensure you have not deleted it with another script or process.
SALSA: The controller for ('SALSA-manager-Girl3'::big::component 0) is missing. Ensure you have not deleted it with another script or process.
SALSA: The controller for ('SALSA-manager-Girl3'::big2::component 0) is missing. Ensure you have not deleted it with another script or process.
SALSA: The controller for ('SALSA-manager-Girl4'::small::component 0) is missing. Ensure you have not deleted it with another script or process.
SALSA: The controller for ('SALSA-manager-Girl4'::medium::component 0) is missing. Ensure you have not deleted it with another script or process.
SALSA: The controller for ('SALSA-manager-Girl4'::big::component 0) is missing. Ensure you have not deleted it with another script or process.
SALSA: The controller for ('SALSA-manager-Girl4'::verybig::component 0) is missing. Ensure you have not deleted it with another script or process.
SALSA: The controller for ('SALSA-manager-Girl4'::viseme 4::component 0) is missing. Ensure you have not deleted it with another script or process.
SALSA: The controller for ('SALSA-manager-Girl5'::small::component 0) is missing. Ensure you have not deleted it with another script or process.
SALSA: The controller for ('SALSA-manager-Girl5'::medium::component 0) is missing. Ensure you have not deleted it with another script or process.
SALSA: The controller for ('SALSA-manager-Girl5'::big::component 0) is missing. Ensure you have not deleted it with another script or process.
SALSA: The controller for ('SALSA-manager-Girl5'::verybig::component 0) is missing. Ensure you have not deleted it with another script or process.
UnloadTime: 24.044800 ms
Unloading 2757 unused Assets to reduce memory usage. Loaded Objects now: 6686.
Total: 37.250200 ms (FindLiveObjects: 0.592700 ms CreateObjectMapping: 0.143100 ms MarkObjects: 28.047500 ms  DeleteObjects: 8.466400 ms)

[Info   :  WCP Host] WcpHost: 长帧 500ms — mod 本帧占用 0.0ms（0.0%） GC本帧=0:0 1:0 2:0 本帧 Top=无 mod 操作
The referenced script on this Behaviour (Game Object 'SaveButton') is missing!
Unloading 9 Unused Serialized files (Serialized files now loaded: 1)
UnloadTime: 0.477100 ms
Vocabulary Path: C:\Users\hanserdesu\AppData\LocalLow\WCP\vocabulary
Vocabulary Path: C:\Users\hanserdesu\AppData\LocalLow\WCP\vocabulary
Vocabulary Path: C:\Users\hanserdesu\AppData\LocalLow\WCP\vocabulary
Vocabulary Path: C:\Users\hanserdesu\AppData\LocalLow\WCP\vocabulary
testerZZ--声音begin——》1
testerZZ--声音begin——》1
testerZZ--声音begin——》1
testerZZ--声音begin——》1
MyParameters.TimeChoose_SoundAuto_Reviwe--->揭示时
外接词库----》False
[Info   :  WCP Host] WcpHost: 例句表已装载: 8116 词 / 84 ms → C:\Users\hanserdesu\AppData\LocalLow\WCP\packs\fr\db\sentences.json（本次注入 3 句）
Unloading 23 unused Assets to reduce memory usage. Loaded Objects now: 11893.
Total: 48.857800 ms (FindLiveObjects: 0.867700 ms CreateObjectMapping: 0.144300 ms MarkObjects: 47.389000 ms  DeleteObjects: 0.455500 ms)

[Info   :WCP Book Name] Label: UK -> FR
[Info   :WCP Book Name] Label: US -> FR
[Info   :WCP Book Name] Label: UK -> FR
[Info   :WCP Book Name] Label: US -> FR
[Info   :WCP Book Name] Label: UK -> FR
[Info   :WCP Book Name] Label: US -> FR
[Info   :WCP Book Name] Label: UK -> FR
[Info   :WCP Book Name] Label: 美 -> FR
[Info   :WCP Book Name] Label: US -> FR
[Info   :WCP Book Name] Label: US -> FR
[Info   :WCP Book Name] Label: US -> FR
[Info   :WCP Book Name] Label: UK -> FR
[Info   :WCP Book Name] WordAccent group 0 key=all count=2
[Info   :WCP Book Name]    node t-uk btn=<none> active=False
[Info   :WCP Book Name]    node t-us btn=<none> active=False
[Info   :WCP Book Name] WordAccent: Voice-UK hidden
[Info   :WCP Book Name] HideSwitch: /Canvas-scrollOutput-2/Button-SwitchSentenceButton
[Info   :WCP Sentence Audio FR] [FR-AUDIO] relabel 0: '读例句1' -> 'FR1'
[Info   :WCP Sentence Audio FR] [FR-AUDIO] read button 0 -> b7eeb3c2f56d9aac474110249d7de5a2.mp3
[Info   :WCP Sentence Audio FR] [FR-AUDIO] relabel 1: '读例句2' -> 'FR2'
[Info   :WCP Sentence Audio FR] [FR-AUDIO] read button 1 -> 32008ab556f5ed0cc68d708a4eefac10.mp3
[Info   :WCP Sentence Audio FR] [FR-AUDIO] relabel 2: '读例句3' -> 'FR3'
[Info   :WCP Sentence Audio FR] [FR-AUDIO] read button 2 -> 369d8e129b8d78aac420cfea41dde488.mp3
[Info   :  WCP Host] WcpHost: 长帧 4394ms — mod 本帧占用 9.0ms（0.2%） GC本帧=0:3 1:3 2:3 本帧 Top=运行态:Tick x1=7.3ms(单次7.3ms) ; 运行态:队列校正 x1=7.3ms(单次7.3ms) ; 队列:规则 x1=6.7ms(单次6.7ms) ; 身份:托管登记 x1=1.3ms(单次1.3ms) ; 队列:授权集 x1=0.6ms(单次0.6ms) ; 身份:Evaluate x1=0.4ms(单次0.4ms) ; 身份:匹配内存词表 x1=0.1ms(单次0.1ms) ; 身份:读落盘书名 x1=0.1ms(单次0.1ms) ; 身份:读槽位词表 x1=0.1ms(单次0.1ms) ; 身份:槽位归属 x1=0.1ms(单次0.1ms) ; 身份:匹配槽位词表 x1=0.0ms(单次0.0ms) ; 身份:读内存词表 x1=0.0ms(单次0.0ms) ; …共18个标签
[Info   :  WCP Host] WcpHost: 性能哨兵 fps=8.1 帧=109 最差帧=4394ms 卡顿帧(>=50ms)=95 窗口=13.5s | mod 主线程占用=205.2ms/窗口，长帧=4 次 | GC窗口=0:45 1:45 2:45 堆=+19MB | 快路径命中=内存词表指纹 11/11 ; 槽位词表指纹 11/11 | 窗口 Top（累计）=运行态:Tick x9=162.2ms(单次27.7ms) ; 运行态:队列校正 x9=152.3ms(单次26.3ms) ; 队列:规则 x11=148.7ms(单次25.5ms) ; 队列:授权集 x11=25.9ms(单次9.4ms) ; 场景:强制校正 x2=24.7ms(单次17.3ms) ; 运行态:场景校正 x2=22.6ms(单次15.6ms) ; 身份:托管登记 x9=13.6ms(单次1.9ms) ; 运行态:例句按钮 x9=8.4ms(单次4.1ms) ; 身份:Evaluate x9=4.7ms(单次1.4ms) ; 身份:读落盘书名 x11=3.3ms(单次1.3ms) ; ES3:落盘书名 x2=2.1ms(单次1.1ms) ; 运行态:书名扫描 x9=1.5ms(单次1.3ms) ; …共21个标签
[Info   :  WCP Host] WcpHost: 长帧 409ms — mod 本帧占用 0.0ms（0.0%） GC本帧=0:0 1:0 2:0 本帧 Top=无 mod 操作
 MyParameters.S8ThisMode_Para------每日学习
[Info   :  WCP Host] WcpHost: 长帧 179ms — mod 本帧占用 0.0ms（0.0%） GC本帧=0:1 1:1 2:1 本帧 Top=无 mod 操作
[Info   :  WCP Host] WcpHost: 长帧 168ms — mod 本帧占用 0.0ms（0.0%） GC本帧=0:0 1:0 2:0 本帧 Top=无 mod 操作
[Info   :  WCP Host] WcpHost: 长帧 150ms — mod 本帧占用 0.0ms（0.0%） GC本帧=0:0 1:0 2:0 本帧 Top=无 mod 操作
[Info   :  WCP Host] WcpHost: 性能哨兵 fps=19.0 帧=190 最差帧=409ms 卡顿帧(>=50ms)=82 窗口=10.0s | mod 主线程占用=170.8ms/窗口，长帧=4 次 | GC窗口=0:14 1:14 2:14 堆=-10MB | 快路径命中=内存词表指纹 9/9 ; 槽位词表指纹 9/9 | 窗口 Top（累计）=运行态:Tick x9=147.8ms(单次34.6ms) ; 运行态:队列校正 x9=134.3ms(单次33.6ms) ; 队列:规则 x9=115.8ms(单次32.9ms) ; 队列:授权集 x9=18.2ms(单次12.3ms) ; 身份:托管登记 x9=16.7ms(单次2.5ms) ; 运行态:例句按钮 x9=12.0ms(单次5.4ms) ; 身份:Evaluate x9=6.3ms(单次1.7ms) ; 身份:读落盘书名 x9=2.2ms(单次1.2ms) ; 身份:匹配内存词表 x9=2.0ms(单次0.3ms) ; 运行态:书名扫描 x9=1.6ms(单次0.9ms) ; ES3:落盘书名 x1=1.1ms(单次1.1ms) ; 身份:读槽位词表 x9=0.8ms(单次0.1ms) ; …共19个标签
执行--《灰
[Info   :  WCP Host] WcpHost: 性能哨兵 fps=20.3 帧=204 最差帧=114ms 卡顿帧(>=50ms)=84 窗口=10.0s | mod 主线程占用=177.5ms/窗口 | GC窗口=0:15 1:15 2:15 堆=+11MB | 快路径命中=内存词表指纹 10/10 ; 槽位词表指纹 10/10 | 窗口 Top（累计）=运行态:Tick x10=155.7ms(单次32.0ms) ; 运行态:队列校正 x10=145.2ms(单次30.5ms) ; 队列:规则 x10=133.5ms(单次29.9ms) ; 身份:托管登记 x10=16.8ms(单次3.2ms) ; 队列:授权集 x10=11.4ms(单次4.8ms) ; 运行态:例句按钮 x10=9.0ms(单次1.5ms) ; 身份:Evaluate x10=5.0ms(单次0.7ms) ; 身份:匹配内存词表 x10=1.9ms(单次0.3ms) ; 运行态:书名扫描 x10=1.5ms(单次0.8ms) ; 身份:读落盘书名 x10=1.0ms(单次0.1ms) ; 身份:槽位归属 x10=0.7ms(单次0.1ms) ; 身份:读槽位词表 x10=0.6ms(单次0.1ms) ; …共18个标签
执行--《白
[Info   :WCP Sentence Audio FR] [FR-AUDIO] read button 0 -> 6c3086ffa0693af97b417cd13df4d1e7.mp3
[Info   :WCP Sentence Audio FR] [FR-AUDIO] read button 1 -> 3c23a32a520f1081cd3462a93120c7cd.mp3
[Info   :WCP Sentence Audio FR] [FR-AUDIO] read button 2 -> 8b6459d453ba530a95b221a348aaa171.mp3
[Info   :  WCP Host] WcpHost: 长帧 867ms — mod 本帧占用 11.3ms（1.3%） GC本帧=0:3 1:3 2:3 本帧 Top=运行态:Tick x1=8.3ms(单次8.3ms) ; 运行态:队列校正 x1=7.5ms(单次7.5ms) ; 队列:规则 x1=6.9ms(单次6.9ms) ; 身份:托管登记 x1=1.6ms(单次1.6ms) ; 身份:Evaluate x1=1.4ms(单次1.4ms) ; 身份:读落盘书名 x1=1.1ms(单次1.1ms) ; ES3:落盘书名 x1=1.0ms(单次1.0ms) ; 运行态:例句按钮 x1=0.8ms(单次0.8ms) ; 队列:授权集 x1=0.6ms(单次0.6ms) ; 身份:读槽位词表 x1=0.1ms(单次0.1ms) ; 身份:槽位归属 x1=0.1ms(单次0.1ms) ; 身份:匹配槽位词表 x1=0.1ms(单次0.1ms) ; …共19个标签
 MyParameters.S8ThisMode_Para------每日学习
[Info   :  WCP Host] WcpHost: 长帧 299ms — mod 本帧占用 0.0ms（0.0%） GC本帧=0:0 1:0 2:0 本帧 Top=无 mod 操作
执行--《灰
[Info   :WCP Sentence Audio FR] [FR-AUDIO] read button 0 -> aabc766961ddc3b9fd31eaf9b1d2aca2.mp3
[Info   :WCP Sentence Audio FR] [FR-AUDIO] read button 1 -> 5f3dce767b852d70d1f9d92a753a3cd6.mp3
[Info   :WCP Sentence Audio FR] [FR-AUDIO] read button 2 -> 26cc0f958c5b4b8be326b6a6bcd70c59.mp3
执行--《白
[Info   :  WCP Host] WcpHost: 长帧 965ms — mod 本帧占用 9.6ms（1.0%） GC本帧=0:3 1:3 2:3 本帧 Top=运行态:Tick x1=6.8ms(单次6.8ms) ; 运行态:队列校正 x1=6.8ms(单次6.8ms) ; 队列:规则 x1=6.2ms(单次6.2ms) ; 身份:托管登记 x1=1.5ms(单次1.5ms) ; 身份:Evaluate x1=1.3ms(单次1.3ms) ; 身份:读落盘书名 x1=1.0ms(单次1.0ms) ; ES3:落盘书名 x1=0.9ms(单次0.9ms) ; 队列:授权集 x1=0.6ms(单次0.6ms) ; 身份:读槽位词表 x1=0.1ms(单次0.1ms) ; 身份:匹配内存词表 x1=0.1ms(单次0.1ms) ; 身份:槽位归属 x1=0.1ms(单次0.1ms) ; 身份:匹配槽位词表 x1=0.0ms(单次0.0ms) ; …共19个标签
 MyParameters.S8ThisMode_Para------每日学习
[Info   :  WCP Host] WcpHost: 长帧 277ms — mod 本帧占用 0.0ms（0.0%） GC本帧=0:0 1:0 2:0 本帧 Top=无 mod 操作
执行--《灰
[Info   :WCP Sentence Audio FR] [FR-AUDIO] blocked english TTS on Button-ReadSentence (1)
[Info   :  WCP Host] WcpHost: 性能哨兵 fps=15.3 帧=153 最差帧=965ms 卡顿帧(>=50ms)=61 窗口=10.0s | mod 主线程占用=123.9ms/窗口，长帧=4 次 | GC窗口=0:32 1:32 2:32 堆=-11MB | 快路径命中=内存词表指纹 9/9 ; 槽位词表指纹 9/9 | 窗口 Top（累计）=运行态:Tick x9=99.6ms(单次29.9ms) ; 运行态:队列校正 x9=91.4ms(单次29.1ms) ; 队列:规则 x9=85.1ms(单次28.6ms) ; 身份:托管登记 x9=15.4ms(单次2.6ms) ; 身份:Evaluate x9=8.9ms(单次1.7ms) ; 运行态:例句按钮 x9=6.8ms(单次1.4ms) ; 队列:授权集 x9=6.2ms(单次1.2ms) ; 身份:读落盘书名 x9=5.0ms(单次1.2ms) ; ES3:落盘书名 x4=4.1ms(单次1.1ms) ; 身份:匹配内存词表 x9=1.5ms(单次0.4ms) ; 运行态:书名扫描 x9=1.4ms(单次0.8ms) ; 身份:读槽位词表 x9=0.8ms(单次0.2ms) ; …共19个标签
Call to DeinitializeLoader without an initialized manager.Please make sure to wait for initialization to complete before calling this API.
[Info   :  WCP Host] WcpHost: 行为 Harmony 接线已移除
Memory Statistics:
[ALLOC_TEMP_TLS] TLS Allocator
  StackAllocators : 
    [ALLOC_TEMP_MAIN]
      Peak usage frame count: [1.0 KB-2.0 KB]: 351 frames, [2.0 KB-4.0 KB]: 2 frames, [4.0 KB-8.0 KB]: 198 frames, [8.0 KB-16.0 KB]: 853 frames, [16.0 KB-32.0 KB]: 569 frames, [32.0 KB-64.0 KB]: 766 frames, [64.0 KB-128.0 KB]: 138 frames, [128.0 KB-256.0 KB]: 9 frames, [256.0 KB-0.5 MB]: 44 frames, [1.0 MB-2.0 MB]: 4 frames, [2.0 MB-4.0 MB]: 2 frames, [4.0 MB-8.0 MB]: 2 frames
      Initial Block Size 4.0 MB
      Current Block Size 7.4 MB
      Peak Allocated Bytes 7.4 MB
      Overflow Count 1
    [ALLOC_TEMP_Background Job.worker 4]
      Initial Block Size 32.0 KB
      Current Block Size 32.0 KB
      Peak Allocated Bytes 48 B
      Overflow Count 0
    [ALLOC_TEMP_Loading.PreloadManager]
      Initial Block Size 256.0 KB
      Current Block Size 0.5 MB
      Peak Allocated Bytes 501.0 KB
      Overflow Count 223
    [ALLOC_TEMP_Background Job.worker 3]
      Initial Block Size 32.0 KB
      Current Block Size 32.0 KB
      Peak Allocated Bytes 408 B
      Overflow Count 0
    [ALLOC_TEMP_Background Job.worker 11]
      Initial Block Size 32.0 KB
      Current Block Size 32.0 KB
      Peak Allocated Bytes 50 B
      Overflow Count 0
    [ALLOC_TEMP_Background Job.worker 7]
      Initial Block Size 32.0 KB
      Current Block Size 32.0 KB
      Peak Allocated Bytes 48 B
      Overflow Count 0
    [ALLOC_TEMP_Job.worker 16]
      Initial Block Size 256.0 KB
      Current Block Size 256.0 KB
      Peak Allocated Bytes 30.0 KB
      Overflow Count 0
    [ALLOC_TEMP_Background Job.worker 6]
      Initial Block Size 32.0 KB
      Current Block Size 32.0 KB
      Peak Allocated Bytes 48 B
      Overflow Count 0
    [ALLOC_TEMP_Job.worker 19]
      Initial Block Size 256.0 KB
      Current Block Size 256.0 KB
      Peak Allocated Bytes 12.5 KB
      Overflow Count 0
    [ALLOC_TEMP_Background Job.worker 12]
      Initial Block Size 32.0 KB
      Current Block Size 32.0 KB
      Peak Allocated Bytes 50 B
      Overflow Count 0
    [ALLOC_TEMP_Background Job.worker 2]
      Initial Block Size 32.0 KB
      Current Block Size 36.0 KB
      Peak Allocated Bytes 32.0 KB
      Overflow Count 0
    [ALLOC_TEMP_Background Job.worker 10]
      Initial Block Size 32.0 KB
      Current Block Size 32.0 KB
      Peak Allocated Bytes 50 B
      Overflow Count 0
    [ALLOC_TEMP_Background Job.worker 15]
      Initial Block Size 32.0 KB
      Current Block Size 32.0 KB
      Peak Allocated Bytes 50 B
      Overflow Count 0
    [ALLOC_TEMP_Job.worker 5]
      Initial Block Size 256.0 KB
      Current Block Size 256.0 KB
      Peak Allocated Bytes 31.6 KB
      Overflow Count 0
    [ALLOC_TEMP_Job.worker 20]
      Initial Block Size 256.0 KB
      Current Block Size 256.0 KB
      Peak Allocated Bytes 11.4 KB
      Overflow Count 0
    [ALLOC_TEMP_Background Job.worker 8]
      Initial Block Size 32.0 KB
      Current Block Size 32.0 KB
      Peak Allocated Bytes 48 B
      Overflow Count 0
    [ALLOC_TEMP_Background Job.worker 13]
      Initial Block Size 32.0 KB
      Current Block Size 32.0 KB
      Peak Allocated Bytes 50 B
      Overflow Count 0
    [ALLOC_TEMP_AssetGarbageCollectorHelper] x 23
      Initial Block Size 64.0 KB
      Current Block Size 64.0 KB
      Peak Allocated Bytes 56 B
      Overflow Count 0
    [ALLOC_TEMP_Background Job.worker 0]
      Initial Block Size 32.0 KB
      Current Block Size 32.0 KB
      Peak Allocated Bytes 48 B
      Overflow Count 0
    [ALLOC_TEMP_Job.worker 6]
      Initial Block Size 256.0 KB
      Current Block Size 256.0 KB
      Peak Allocated Bytes 31.6 KB
      Overflow Count 0
    [ALLOC_TEMP_Job.worker 8]
      Initial Block Size 256.0 KB
      Current Block Size 256.0 KB
      Peak Allocated Bytes 31.6 KB
      Overflow Count 0
    [ALLOC_TEMP_HIDInput]
      Initial Block Size 64.0 KB
      Current Block Size 64.0 KB
      Peak Allocated Bytes 10.8 KB
      Overflow Count 0
    [ALLOC_TEMP_Background Job.worker 14]
      Initial Block Size 32.0 KB
      Current Block Size 32.0 KB
      Peak Allocated Bytes 50 B
      Overflow Count 0
    [ALLOC_TEMP_BatchDeleteObjects]
      Initial Block Size 64.0 KB
      Current Block Size 64.0 KB
      Peak Allocated Bytes 38 B
      Overflow Count 0
    [ALLOC_TEMP_Job.worker 11]
      Initial Block Size 256.0 KB
      Current Block Size 256.0 KB
      Peak Allocated Bytes 11.5 KB
      Overflow Count 0
    [ALLOC_TEMP_Job.worker 15]
      Initial Block Size 256.0 KB
      Current Block Size 256.0 KB
      Peak Allocated Bytes 18.3 KB
      Overflow Count 0
    [ALLOC_TEMP_Background Job.worker 9]
      Initial Block Size 32.0 KB
      Current Block Size 32.0 KB
      Peak Allocated Bytes 48 B
      Overflow Count 0
    [ALLOC_TEMP_Job.worker 0]
      Initial Block Size 256.0 KB
      Current Block Size 256.0 KB
      Peak Allocated Bytes 11.4 KB
      Overflow Count 0
    [ALLOC_TEMP_Job.worker 4]
      Initial Block Size 256.0 KB
      Current Block Size 256.0 KB
      Peak Allocated Bytes 31.6 KB
      Overflow Count 0
    [ALLOC_TEMP_Job.worker 14]
      Initial Block Size 256.0 KB
      Current Block Size 256.0 KB
      Peak Allocated Bytes 11.4 KB
      Overflow Count 0
    [ALLOC_TEMP_Job.worker 13]
      Initial Block Size 256.0 KB
      Current Block Size 256.0 KB
      Peak Allocated Bytes 12.5 KB
      Overflow Count 0
    [ALLOC_TEMP_Background Job.worker 1]
      Initial Block Size 32.0 KB
      Current Block Size 36.0 KB
      Peak Allocated Bytes 32.0 KB
      Overflow Count 0
    [ALLOC_TEMP_EnlightenWorker] x 12
      Initial Block Size 64.0 KB
      Current Block Size 64.0 KB
      Peak Allocated Bytes 0 B
      Overflow Count 0
    [ALLOC_TEMP_Job.worker 1]
      Initial Block Size 256.0 KB
      Current Block Size 256.0 KB
      Peak Allocated Bytes 34.3 KB
      Overflow Count 0
    [ALLOC_TEMP_Job.worker 21]
      Initial Block Size 256.0 KB
      Current Block Size 256.0 KB
      Peak Allocated Bytes 11.5 KB
      Overflow Count 0
    [ALLOC_TEMP_Job.worker 3]
      Initial Block Size 256.0 KB
      Current Block Size 256.0 KB
      Peak Allocated Bytes 34.0 KB
      Overflow Count 0
    [ALLOC_TEMP_Background Job.worker 5]
      Initial Block Size 32.0 KB
      Current Block Size 32.0 KB
      Peak Allocated Bytes 48 B
      Overflow Count 0
    [ALLOC_TEMP_Job.worker 12]
      Initial Block Size 256.0 KB
      Current Block Size 256.0 KB
      Peak Allocated Bytes 11.5 KB
      Overflow Count 0
    [ALLOC_TEMP_UnityGfxDeviceWorker]
      Initial Block Size 256.0 KB
      Current Block Size 256.0 KB
      Peak Allocated Bytes 38.1 KB
      Overflow Count 0
    [ALLOC_TEMP_Job.worker 22]
      Initial Block Size 256.0 KB
      Current Block Size 256.0 KB
      Peak Allocated Bytes 31.6 KB
      Overflow Count 0
    [ALLOC_TEMP_Job.worker 2]
      Initial Block Size 256.0 KB
      Current Block Size 256.0 KB
      Peak Allocated Bytes 34.3 KB
      Overflow Count 0
    [ALLOC_TEMP_Job.worker 10]
      Initial Block Size 256.0 KB
      Current Block Size 256.0 KB
      Peak Allocated Bytes 11.4 KB
      Overflow Count 0
    [ALLOC_TEMP_Job.worker 7]
      Initial Block Size 256.0 KB
      Current Block Size 256.0 KB
      Peak Allocated Bytes 30.0 KB
      Overflow Count 0
    [ALLOC_TEMP_Job.worker 17]
      Initial Block Size 256.0 KB
      Current Block Size 256.0 KB
      Peak Allocated Bytes 18.3 KB
      Overflow Count 0
    [ALLOC_TEMP_Job.worker 9]
      Initial Block Size 256.0 KB
      Current Block Size 256.0 KB
      Peak Allocated Bytes 11.5 KB
      Overflow Count 0
    [ALLOC_TEMP_Job.worker 18]
      Initial Block Size 256.0 KB
      Current Block Size 256.0 KB
      Peak Allocated Bytes 12.5 KB
      Overflow Count 0
    [ALLOC_TEMP_Loading.AsyncRead]
      Initial Block Size 64.0 KB
      Current Block Size 64.0 KB
      Peak Allocated Bytes 486 B
      Overflow Count 0
[ALLOC_DEFAULT] Dual Thread Allocator
  Peak main deferred allocation count 3487
    [ALLOC_BUCKET]
      Large Block size 4.0 MB
      Used Block count 1
      Peak Allocated bytes 4.0 MB
      Failed Allocations. Bucket layout:
        16B: 26 Subsections = 26624 buckets. Failed count: 267341
        32B: 29 Subsections = 14848 buckets. Failed count: 91674
        48B: 60 Subsections = 20480 buckets. Failed count: 156337
        64B: 40 Subsections = 10240 buckets. Failed count: 36095
        80B: 48 Subsections = 9830 buckets. Failed count: 18853
        96B: 22 Subsections = 3754 buckets. Failed count: 33582
        112B: 20 Subsections = 2925 buckets. Failed count: 40531
        128B: 11 Subsections = 1408 buckets. Failed count: 12428
    [ALLOC_DEFAULT_MAIN]
      Peak usage frame count: [32.0 MB-64.0 MB]: 88 frames, [64.0 MB-128.0 MB]: 2850 frames
      Requested Block Size 16.0 MB
      Peak Block count 4
      Peak Allocated memory 125.9 MB
      Peak Large allocation bytes 72.1 MB
    [ALLOC_DEFAULT_THREAD]
      Peak usage frame count: [16.0 MB-32.0 MB]: 1219 frames, [32.0 MB-64.0 MB]: 1661 frames, [64.0 MB-128.0 MB]: 58 frames
      Requested Block Size 16.0 MB
      Peak Block count 4
      Peak Allocated memory 100.7 MB
      Peak Large allocation bytes 64.6 MB
[ALLOC_TEMP_JOB_1_FRAME]
  Initial Block Size 2.0 MB
  Used Block Count 1
  Overflow Count (too large) 0
  Overflow Count (full) 0
[ALLOC_TEMP_JOB_2_FRAMES]
  Initial Block Size 2.0 MB
  Used Block Count 0
  Overflow Count (too large) 0
  Overflow Count (full) 0
[ALLOC_TEMP_JOB_4_FRAMES (JobTemp)]
  Initial Block Size 2.0 MB
  Used Block Count 1
  Overflow Count (too large) 0
  Overflow Count (full) 0
[ALLOC_TEMP_JOB_ASYNC (Background)]
  Initial Block Size 1.0 MB
  Used Block Count 1
  Overflow Count (too large) 10
  Overflow Count (full) 0
[ALLOC_GFX] Dual Thread Allocator
  Peak main deferred allocation count 308
    [ALLOC_BUCKET]
      Large Block size 4.0 MB
      Used Block count 1
      Peak Allocated bytes 4.0 MB
      Failed Allocations. Bucket layout:
        16B: 26 Subsections = 26624 buckets. Failed count: 267341
        32B: 29 Subsections = 14848 buckets. Failed count: 91674
        48B: 60 Subsections = 20480 buckets. Failed count: 156337
        64B: 40 Subsections = 10240 buckets. Failed count: 36095
        80B: 48 Subsections = 9830 buckets. Failed count: 18853
        96B: 22 Subsections = 3754 buckets. Failed count: 33582
        112B: 20 Subsections = 2925 buckets. Failed count: 40531
        128B: 11 Subsections = 1408 buckets. Failed count: 12428
    [ALLOC_GFX_MAIN]
      Peak usage frame count: [128.0 KB-256.0 KB]: 71 frames, [256.0 KB-0.5 MB]: 112 frames, [0.5 MB-1.0 MB]: 1212 frames, [1.0 MB-2.0 MB]: 1399 frames, [2.0 MB-4.0 MB]: 129 frames, [4.0 MB-8.0 MB]: 15 frames
      Requested Block Size 16.0 MB
      Peak Block count 1
      Peak Allocated memory 5.1 MB
      Peak Large allocation bytes 0 B
    [ALLOC_GFX_THREAD]
      Peak usage frame count: [128.0 MB-256.0 MB]: 2684 frames, [256.0 MB-0.50 GB]: 254 frames
      Requested Block Size 16.0 MB
      Peak Block count 5
      Peak Allocated memory 454.6 MB
      Peak Large allocation bytes 384.0 MB
[ALLOC_CACHEOBJECTS] Dual Thread Allocator
  Peak main deferred allocation count 1150
    [ALLOC_BUCKET]
      Large Block size 4.0 MB
      Used Block count 1
      Peak Allocated bytes 4.0 MB
      Failed Allocations. Bucket layout:
        16B: 26 Subsections = 26624 buckets. Failed count: 267341
        32B: 29 Subsections = 14848 buckets. Failed count: 91674
        48B: 60 Subsections = 20480 buckets. Failed count: 156337
        64B: 40 Subsections = 10240 buckets. Failed count: 36095
        80B: 48 Subsections = 9830 buckets. Failed count: 18853
        96B: 22 Subsections = 3754 buckets. Failed count: 33582
        112B: 20 Subsections = 2925 buckets. Failed count: 40531
        128B: 11 Subsections = 1408 buckets. Failed count: 12428
    [ALLOC_CACHEOBJECTS_MAIN]
      Peak usage frame count: [16.0 MB-32.0 MB]: 2938 frames
      Requested Block Size 4.0 MB
      Peak Block count 6
      Peak Allocated memory 24.6 MB
      Peak Large allocation bytes 9.9 MB
    [ALLOC_CACHEOBJECTS_THREAD]
      Peak usage frame count: [16.0 MB-32.0 MB]: 1211 frames, [32.0 MB-64.0 MB]: 613 frames, [64.0 MB-128.0 MB]: 1091 frames, [128.0 MB-256.0 MB]: 23 frames
      Requested Block Size 4.0 MB
      Peak Block count 26
      Peak Allocated memory 146.0 MB
      Peak Large allocation bytes 52.2 MB
[ALLOC_TYPETREE] Dual Thread Allocator
  Peak main deferred allocation count 1
    [ALLOC_BUCKET]
      Large Block size 4.0 MB
      Used Block count 1
      Peak Allocated bytes 4.0 MB
      Failed Allocations. Bucket layout:
        16B: 26 Subsections = 26624 buckets. Failed count: 267341
        32B: 29 Subsections = 14848 buckets. Failed count: 91674
        48B: 60 Subsections = 20480 buckets. Failed count: 156337
        64B: 40 Subsections = 10240 buckets. Failed count: 36095
        80B: 48 Subsections = 9830 buckets. Failed count: 18853
        96B: 22 Subsections = 3754 buckets. Failed count: 33582
        112B: 20 Subsections = 2925 buckets. Failed count: 40531
        128B: 11 Subsections = 1408 buckets. Failed count: 12428
    [ALLOC_TYPETREE_MAIN]
      Peak usage frame count: [8.0 KB-16.0 KB]: 1193 frames, [16.0 KB-32.0 KB]: 1745 frames
      Requested Block Size 2.0 MB
      Peak Block count 1
      Peak Allocated memory 24.4 KB
      Peak Large allocation bytes 0 B
    [ALLOC_TYPETREE_THREAD]
      Peak usage frame count: [8.0 KB-16.0 KB]: 26 frames, [32.0 KB-64.0 KB]: 1205 frames, [64.0 KB-128.0 KB]: 1 frames, [128.0 KB-256.0 KB]: 100 frames, [256.0 KB-0.5 MB]: 1606 frames
      Requested Block Size 2.0 MB
      Peak Block count 1
      Peak Allocated memory 486.9 KB
      Peak Large allocation bytes 0 B
